emulator	Set up job	∩╗┐2025-09-23T10:11:13.9461118Z Current runner version: '2.328.0'
emulator	Set up job	2025-09-23T10:11:13.9483578Z ##[group]Runner Image Provisioner
emulator	Set up job	2025-09-23T10:11:13.9484480Z Hosted Compute Agent
emulator	Set up job	2025-09-23T10:11:13.9485033Z Version: 20250829.383
emulator	Set up job	2025-09-23T10:11:13.9485734Z Commit: 27cb235aab5b0e52e153a26cd86b4742e89dac5d
emulator	Set up job	2025-09-23T10:11:13.9486406Z Build Date: 2025-08-29T13:48:48Z
emulator	Set up job	2025-09-23T10:11:13.9487009Z ##[endgroup]
emulator	Set up job	2025-09-23T10:11:13.9487647Z ##[group]Operating System
emulator	Set up job	2025-09-23T10:11:13.9488194Z Ubuntu
emulator	Set up job	2025-09-23T10:11:13.9488696Z 24.04.3
emulator	Set up job	2025-09-23T10:11:13.9489183Z LTS
emulator	Set up job	2025-09-23T10:11:13.9489684Z ##[endgroup]
emulator	Set up job	2025-09-23T10:11:13.9490156Z ##[group]Runner Image
emulator	Set up job	2025-09-23T10:11:13.9490773Z Image: ubuntu-24.04
emulator	Set up job	2025-09-23T10:11:13.9491293Z Version: 20250907.24.1
emulator	Set up job	2025-09-23T10:11:13.9492308Z Included Software: https://github.com/actions/runner-images/blob/ubuntu24/20250907.24/images/ubuntu/Ubuntu2404-Readme.md
emulator	Set up job	2025-09-23T10:11:13.9493986Z Image Release: https://github.com/actions/runner-images/releases/tag/ubuntu24%2F20250907.24
emulator	Set up job	2025-09-23T10:11:13.9495113Z ##[endgroup]
emulator	Set up job	2025-09-23T10:11:13.9496312Z ##[group]GITHUB_TOKEN Permissions
emulator	Set up job	2025-09-23T10:11:13.9498043Z Contents: read
emulator	Set up job	2025-09-23T10:11:13.9498609Z Metadata: read
emulator	Set up job	2025-09-23T10:11:13.9499240Z Packages: read
emulator	Set up job	2025-09-23T10:11:13.9499722Z ##[endgroup]
emulator	Set up job	2025-09-23T10:11:13.9501908Z Secret source: Actions
emulator	Set up job	2025-09-23T10:11:13.9503061Z Prepare workflow directory
emulator	Set up job	2025-09-23T10:11:13.9811472Z Prepare all required actions
emulator	Set up job	2025-09-23T10:11:13.9847360Z Getting action download info
emulator	Set up job	2025-09-23T10:11:14.5179072Z Download action repository 'actions/checkout@v4' (SHA:08eba0b27e820071cde6df949e0beb9ba4906955)
emulator	Set up job	2025-09-23T10:11:14.7123172Z Download action repository 'actions/setup-java@v4' (SHA:c5195efecf7bdfc987ee8bae7a71cb8b11521c00)
emulator	Set up job	2025-09-23T10:11:15.3694120Z Download action repository 'subosito/flutter-action@v2' (SHA:fd55f4c5af5b953cc57a2be44cb082c8f6635e8e)
emulator	Set up job	2025-09-23T10:11:15.8218486Z Download action repository 'reactivecircus/android-emulator-runner@v2' (SHA:1dcd0090116d15e7c562f8db72807de5e036a4ed)
emulator	Set up job	2025-09-23T10:11:16.3653465Z Download action repository 'actions/upload-artifact@v4' (SHA:ea165f8d65b6e75b540449e92b4886f43607fa02)
emulator	Set up job	2025-09-23T10:11:16.5551185Z Getting action download info
emulator	Set up job	2025-09-23T10:11:16.7329456Z Download action repository 'actions/cache@v4' (SHA:0400d5f644dc74513175e3cd8d07132dd4860809)
emulator	Set up job	2025-09-23T10:11:16.8676638Z Complete job name: emulator
emulator	Run actions/checkout@v4	∩╗┐2025-09-23T10:11:16.9438398Z ##[group]Run actions/checkout@v4
emulator	Run actions/checkout@v4	2025-09-23T10:11:16.9439120Z with:
emulator	Run actions/checkout@v4	2025-09-23T10:11:16.9439449Z   repository: luccidnz/hold_that_thought
emulator	Run actions/checkout@v4	2025-09-23T10:11:16.9440016Z   token: ***
emulator	Run actions/checkout@v4	2025-09-23T10:11:16.9440300Z   ssh-strict: true
emulator	Run actions/checkout@v4	2025-09-23T10:11:16.9440596Z   ssh-user: git
emulator	Run actions/checkout@v4	2025-09-23T10:11:16.9440903Z   persist-credentials: true
emulator	Run actions/checkout@v4	2025-09-23T10:11:16.9441234Z   clean: true
emulator	Run actions/checkout@v4	2025-09-23T10:11:16.9441542Z   sparse-checkout-cone-mode: true
emulator	Run actions/checkout@v4	2025-09-23T10:11:16.9441885Z   fetch-depth: 1
emulator	Run actions/checkout@v4	2025-09-23T10:11:16.9442191Z   fetch-tags: false
emulator	Run actions/checkout@v4	2025-09-23T10:11:16.9442727Z   show-progress: true
emulator	Run actions/checkout@v4	2025-09-23T10:11:16.9443048Z   lfs: false
emulator	Run actions/checkout@v4	2025-09-23T10:11:16.9443359Z   submodules: false
emulator	Run actions/checkout@v4	2025-09-23T10:11:16.9443659Z   set-safe-directory: true
emulator	Run actions/checkout@v4	2025-09-23T10:11:16.9444233Z ##[endgroup]
emulator	Run actions/checkout@v4	2025-09-23T10:11:17.0573352Z Syncing repository: luccidnz/hold_that_thought
emulator	Run actions/checkout@v4	2025-09-23T10:11:17.0574872Z ##[group]Getting Git version info
emulator	Run actions/checkout@v4	2025-09-23T10:11:17.0575596Z Working directory is '/home/runner/work/hold_that_thought/hold_that_thought'
emulator	Run actions/checkout@v4	2025-09-23T10:11:17.0576953Z [command]/usr/bin/git version
emulator	Run actions/checkout@v4	2025-09-23T10:11:17.0711929Z git version 2.51.0
emulator	Run actions/checkout@v4	2025-09-23T10:11:17.0745866Z ##[endgroup]
emulator	Run actions/checkout@v4	2025-09-23T10:11:17.0761113Z Temporarily overriding HOME='/home/runner/work/_temp/7d9c8f55-20d1-4299-956c-8bb58cf29937' before making global git config changes
emulator	Run actions/checkout@v4	2025-09-23T10:11:17.0762920Z Adding repository directory to the temporary git global config as a safe directory
emulator	Run actions/checkout@v4	2025-09-23T10:11:17.0767612Z [command]/usr/bin/git config --global --add safe.directory /home/runner/work/hold_that_thought/hold_that_thought
emulator	Run actions/checkout@v4	2025-09-23T10:11:17.0804652Z Deleting the contents of '/home/runner/work/hold_that_thought/hold_that_thought'
emulator	Run actions/checkout@v4	2025-09-23T10:11:17.0808357Z ##[group]Initializing the repository
emulator	Run actions/checkout@v4	2025-09-23T10:11:17.0813041Z [command]/usr/bin/git init /home/runner/work/hold_that_thought/hold_that_thought
emulator	Run actions/checkout@v4	2025-09-23T10:11:17.0961024Z hint: Using 'master' as the name for the initial branch. This default branch name
emulator	Run actions/checkout@v4	2025-09-23T10:11:17.0962111Z hint: is subject to change. To configure the initial branch name to use in all
emulator	Run actions/checkout@v4	2025-09-23T10:11:17.0963046Z hint: of your new repositories, which will suppress this warning, call:
emulator	Run actions/checkout@v4	2025-09-23T10:11:17.0963520Z hint:
emulator	Run actions/checkout@v4	2025-09-23T10:11:17.0963904Z hint: 	git config --global init.defaultBranch <name>
emulator	Run actions/checkout@v4	2025-09-23T10:11:17.0964318Z hint:
emulator	Run actions/checkout@v4	2025-09-23T10:11:17.0964718Z hint: Names commonly chosen instead of 'master' are 'main', 'trunk' and
emulator	Run actions/checkout@v4	2025-09-23T10:11:17.0965308Z hint: 'development'. The just-created branch can be renamed via this command:
emulator	Run actions/checkout@v4	2025-09-23T10:11:17.0965956Z hint:
emulator	Run actions/checkout@v4	2025-09-23T10:11:17.0966480Z hint: 	git branch -m <name>
emulator	Run actions/checkout@v4	2025-09-23T10:11:17.0967057Z hint:
emulator	Run actions/checkout@v4	2025-09-23T10:11:17.0967775Z hint: Disable this message with "git config set advice.defaultBranchName false"
emulator	Run actions/checkout@v4	2025-09-23T10:11:17.0969102Z Initialized empty Git repository in /home/runner/work/hold_that_thought/hold_that_thought/.git/
emulator	Run actions/checkout@v4	2025-09-23T10:11:17.0979146Z [command]/usr/bin/git remote add origin https://github.com/luccidnz/hold_that_thought
emulator	Run actions/checkout@v4	2025-09-23T10:11:17.1017027Z ##[endgroup]
emulator	Run actions/checkout@v4	2025-09-23T10:11:17.1017948Z ##[group]Disabling automatic garbage collection
emulator	Run actions/checkout@v4	2025-09-23T10:11:17.1021822Z [command]/usr/bin/git config --local gc.auto 0
emulator	Run actions/checkout@v4	2025-09-23T10:11:17.1049807Z ##[endgroup]
emulator	Run actions/checkout@v4	2025-09-23T10:11:17.1050718Z ##[group]Setting up auth
emulator	Run actions/checkout@v4	2025-09-23T10:11:17.1057211Z [command]/usr/bin/git config --local --name-only --get-regexp core\.sshCommand
emulator	Run actions/checkout@v4	2025-09-23T10:11:17.1086798Z [command]/usr/bin/git submodule foreach --recursive sh -c "git config --local --name-only --get-regexp 'core\.sshCommand' && git config --local --unset-all 'core.sshCommand' || :"
emulator	Run actions/checkout@v4	2025-09-23T10:11:17.1414706Z [command]/usr/bin/git config --local --name-only --get-regexp http\.https\:\/\/github\.com\/\.extraheader
emulator	Run actions/checkout@v4	2025-09-23T10:11:17.1444607Z [command]/usr/bin/git submodule foreach --recursive sh -c "git config --local --name-only --get-regexp 'http\.https\:\/\/github\.com\/\.extraheader' && git config --local --unset-all 'http.https://github.com/.extraheader' || :"
emulator	Run actions/checkout@v4	2025-09-23T10:11:17.1659515Z [command]/usr/bin/git config --local http.https://github.com/.extraheader AUTHORIZATION: basic ***
emulator	Run actions/checkout@v4	2025-09-23T10:11:17.1700096Z ##[endgroup]
emulator	Run actions/checkout@v4	2025-09-23T10:11:17.1701288Z ##[group]Fetching the repository
emulator	Run actions/checkout@v4	2025-09-23T10:11:17.1709222Z [command]/usr/bin/git -c protocol.version=2 fetch --no-tags --prune --no-recurse-submodules --depth=1 origin +2b8e37b8731e09622028c328642cf6712389db95:refs/remotes/pull/3/merge
emulator	Run actions/checkout@v4	2025-09-23T10:11:17.6462194Z From https://github.com/luccidnz/hold_that_thought
emulator	Run actions/checkout@v4	2025-09-23T10:11:17.6463465Z  * [new ref]         2b8e37b8731e09622028c328642cf6712389db95 -> pull/3/merge
emulator	Run actions/checkout@v4	2025-09-23T10:11:17.6495723Z ##[endgroup]
emulator	Run actions/checkout@v4	2025-09-23T10:11:17.6496437Z ##[group]Determining the checkout info
emulator	Run actions/checkout@v4	2025-09-23T10:11:17.6498296Z ##[endgroup]
emulator	Run actions/checkout@v4	2025-09-23T10:11:17.6503233Z [command]/usr/bin/git sparse-checkout disable
emulator	Run actions/checkout@v4	2025-09-23T10:11:17.6543850Z [command]/usr/bin/git config --local --unset-all extensions.worktreeConfig
emulator	Run actions/checkout@v4	2025-09-23T10:11:17.6570039Z ##[group]Checking out the ref
emulator	Run actions/checkout@v4	2025-09-23T10:11:17.6574701Z [command]/usr/bin/git checkout --progress --force refs/remotes/pull/3/merge
emulator	Run actions/checkout@v4	2025-09-23T10:11:17.6700466Z Note: switching to 'refs/remotes/pull/3/merge'.
emulator	Run actions/checkout@v4	2025-09-23T10:11:17.6701072Z 
emulator	Run actions/checkout@v4	2025-09-23T10:11:17.6701513Z You are in 'detached HEAD' state. You can look around, make experimental
emulator	Run actions/checkout@v4	2025-09-23T10:11:17.6702704Z changes and commit them, and you can discard any commits you make in this
emulator	Run actions/checkout@v4	2025-09-23T10:11:17.6703678Z state without impacting any branches by switching back to a branch.
emulator	Run actions/checkout@v4	2025-09-23T10:11:17.6704235Z 
emulator	Run actions/checkout@v4	2025-09-23T10:11:17.6704625Z If you want to create a new branch to retain commits you create, you may
emulator	Run actions/checkout@v4	2025-09-23T10:11:17.6705501Z do so (now or later) by using -c with the switch command. Example:
emulator	Run actions/checkout@v4	2025-09-23T10:11:17.6706142Z 
emulator	Run actions/checkout@v4	2025-09-23T10:11:17.6706303Z   git switch -c <new-branch-name>
emulator	Run actions/checkout@v4	2025-09-23T10:11:17.6706538Z 
emulator	Run actions/checkout@v4	2025-09-23T10:11:17.6706677Z Or undo this operation with:
emulator	Run actions/checkout@v4	2025-09-23T10:11:17.6706885Z 
emulator	Run actions/checkout@v4	2025-09-23T10:11:17.6707004Z   git switch -
emulator	Run actions/checkout@v4	2025-09-23T10:11:17.6707191Z 
emulator	Run actions/checkout@v4	2025-09-23T10:11:17.6707445Z Turn off this advice by setting config variable advice.detachedHead to false
emulator	Run actions/checkout@v4	2025-09-23T10:11:17.6707802Z 
emulator	Run actions/checkout@v4	2025-09-23T10:11:17.6708249Z HEAD is now at 2b8e37b Merge 6ee9acdee28668867e5e84472569ea1094500438 into f3fe53808c906bfcbbd83ef1b4c29c7225f35450
emulator	Run actions/checkout@v4	2025-09-23T10:11:17.6710049Z ##[endgroup]
emulator	Run actions/checkout@v4	2025-09-23T10:11:17.6741832Z [command]/usr/bin/git log -1 --format=%H
emulator	Run actions/checkout@v4	2025-09-23T10:11:17.6762394Z 2b8e37b8731e09622028c328642cf6712389db95
emulator	Set up JDK 17	∩╗┐2025-09-23T10:11:17.6999968Z ##[group]Run actions/setup-java@v4
emulator	Set up JDK 17	2025-09-23T10:11:17.7000365Z with:
emulator	Set up JDK 17	2025-09-23T10:11:17.7000627Z   distribution: temurin
emulator	Set up JDK 17	2025-09-23T10:11:17.7000920Z   java-version: 17
emulator	Set up JDK 17	2025-09-23T10:11:17.7001192Z   java-package: jdk
emulator	Set up JDK 17	2025-09-23T10:11:17.7001488Z   check-latest: false
emulator	Set up JDK 17	2025-09-23T10:11:17.7001761Z   server-id: github
emulator	Set up JDK 17	2025-09-23T10:11:17.7002045Z   server-username: GITHUB_ACTOR
emulator	Set up JDK 17	2025-09-23T10:11:17.7002365Z   server-password: GITHUB_TOKEN
emulator	Set up JDK 17	2025-09-23T10:11:17.7002862Z   overwrite-settings: true
emulator	Set up JDK 17	2025-09-23T10:11:17.7003171Z   job-status: success
emulator	Set up JDK 17	2025-09-23T10:11:17.7003584Z   token: ***
emulator	Set up JDK 17	2025-09-23T10:11:17.7003845Z ##[endgroup]
emulator	Set up JDK 17	2025-09-23T10:11:17.8896806Z ##[group]Installed distributions
emulator	Set up JDK 17	2025-09-23T10:11:17.9156580Z Resolved Java 17.0.16+8 from tool-cache
emulator	Set up JDK 17	2025-09-23T10:11:17.9157260Z Setting Java 17.0.16+8 as the default
emulator	Set up JDK 17	2025-09-23T10:11:17.9171352Z Creating toolchains.xml for JDK version 17 from temurin
emulator	Set up JDK 17	2025-09-23T10:11:17.9247758Z Writing to /home/runner/.m2/toolchains.xml
emulator	Set up JDK 17	2025-09-23T10:11:17.9248229Z 
emulator	Set up JDK 17	2025-09-23T10:11:17.9248804Z Java configuration:
emulator	Set up JDK 17	2025-09-23T10:11:17.9249656Z   Distribution: temurin
emulator	Set up JDK 17	2025-09-23T10:11:17.9250169Z   Version: 17.0.16+8
emulator	Set up JDK 17	2025-09-23T10:11:17.9250825Z   Path: /opt/hostedtoolcache/Java_Temurin-Hotspot_jdk/17.0.16-8/x64
emulator	Set up JDK 17	2025-09-23T10:11:17.9251383Z 
emulator	Set up JDK 17	2025-09-23T10:11:17.9254772Z ##[endgroup]
emulator	Set up JDK 17	2025-09-23T10:11:17.9270280Z Creating settings.xml with server-id: github
emulator	Set up JDK 17	2025-09-23T10:11:17.9275044Z Writing to /home/runner/.m2/settings.xml
emulator	Set up Flutter	∩╗┐2025-09-23T10:11:17.9479568Z ##[group]Run subosito/flutter-action@v2
emulator	Set up Flutter	2025-09-23T10:11:17.9479925Z with:
emulator	Set up Flutter	2025-09-23T10:11:17.9480154Z   flutter-version: 3.x
emulator	Set up Flutter	2025-09-23T10:11:17.9480403Z   channel: stable
emulator	Set up Flutter	2025-09-23T10:11:17.9480626Z   architecture: X64
emulator	Set up Flutter	2025-09-23T10:11:17.9480859Z   cache: false
emulator	Set up Flutter	2025-09-23T10:11:17.9481096Z   pub-cache-path: default
emulator	Set up Flutter	2025-09-23T10:11:17.9481361Z   dry-run: false
emulator	Set up Flutter	2025-09-23T10:11:17.9481654Z   git-source: https://github.com/flutter/flutter.git
emulator	Set up Flutter	2025-09-23T10:11:17.9481974Z env:
emulator	Set up Flutter	2025-09-23T10:11:17.9482299Z   JAVA_HOME: /opt/hostedtoolcache/Java_Temurin-Hotspot_jdk/17.0.16-8/x64
emulator	Set up Flutter	2025-09-23T10:11:17.9483028Z   JAVA_HOME_17_X64: /opt/hostedtoolcache/Java_Temurin-Hotspot_jdk/17.0.16-8/x64
emulator	Set up Flutter	2025-09-23T10:11:17.9483420Z ##[endgroup]
emulator	Set up Flutter	2025-09-23T10:11:17.9575214Z ##[group]Run chmod +x "$GITHUB_ACTION_PATH/setup.sh"
emulator	Set up Flutter	2025-09-23T10:11:17.9575671Z [36;1mchmod +x "$GITHUB_ACTION_PATH/setup.sh"[0m
emulator	Set up Flutter	2025-09-23T10:11:17.9634200Z shell: /usr/bin/bash --noprofile --norc -e -o pipefail {0}
emulator	Set up Flutter	2025-09-23T10:11:17.9634596Z env:
emulator	Set up Flutter	2025-09-23T10:11:17.9634980Z   JAVA_HOME: /opt/hostedtoolcache/Java_Temurin-Hotspot_jdk/17.0.16-8/x64
emulator	Set up Flutter	2025-09-23T10:11:17.9635483Z   JAVA_HOME_17_X64: /opt/hostedtoolcache/Java_Temurin-Hotspot_jdk/17.0.16-8/x64
emulator	Set up Flutter	2025-09-23T10:11:17.9635867Z ##[endgroup]
emulator	Set up Flutter	2025-09-23T10:11:17.9770429Z ##[group]Run $GITHUB_ACTION_PATH/setup.sh -p \
emulator	Set up Flutter	2025-09-23T10:11:17.9770844Z [36;1m$GITHUB_ACTION_PATH/setup.sh -p \[0m
emulator	Set up Flutter	2025-09-23T10:11:17.9771158Z [36;1m  -n '3.x' \[0m
emulator	Set up Flutter	2025-09-23T10:11:17.9771402Z [36;1m  -f '' \[0m
emulator	Set up Flutter	2025-09-23T10:11:17.9771628Z [36;1m  -a 'X64' \[0m
emulator	Set up Flutter	2025-09-23T10:11:17.9771860Z [36;1m  -k '' \[0m
emulator	Set up Flutter	2025-09-23T10:11:17.9772074Z [36;1m  -c '' \[0m
emulator	Set up Flutter	2025-09-23T10:11:17.9772295Z [36;1m  -l '' \[0m
emulator	Set up Flutter	2025-09-23T10:11:17.9772761Z [36;1m  -d 'default' \[0m
emulator	Set up Flutter	2025-09-23T10:11:17.9773313Z [36;1m  -g 'https://github.com/flutter/flutter.git' \[0m
emulator	Set up Flutter	2025-09-23T10:11:17.9773646Z [36;1m  stable[0m
emulator	Set up Flutter	2025-09-23T10:11:17.9801036Z shell: /usr/bin/bash --noprofile --norc -e -o pipefail {0}
emulator	Set up Flutter	2025-09-23T10:11:17.9801404Z env:
emulator	Set up Flutter	2025-09-23T10:11:17.9801746Z   JAVA_HOME: /opt/hostedtoolcache/Java_Temurin-Hotspot_jdk/17.0.16-8/x64
emulator	Set up Flutter	2025-09-23T10:11:17.9802248Z   JAVA_HOME_17_X64: /opt/hostedtoolcache/Java_Temurin-Hotspot_jdk/17.0.16-8/x64
emulator	Set up Flutter	2025-09-23T10:11:17.9802853Z ##[endgroup]
emulator	Set up Flutter	2025-09-23T10:11:18.1418667Z ##[group]Run $GITHUB_ACTION_PATH/setup.sh \
emulator	Set up Flutter	2025-09-23T10:11:18.1419068Z [36;1m$GITHUB_ACTION_PATH/setup.sh \[0m
emulator	Set up Flutter	2025-09-23T10:11:18.1419373Z [36;1m  -n '3.35.4' \[0m
emulator	Set up Flutter	2025-09-23T10:11:18.1419627Z [36;1m  -a 'x64' \[0m
emulator	Set up Flutter	2025-09-23T10:11:18.1419953Z [36;1m  -c '/opt/hostedtoolcache/flutter/stable-3.35.4-x64' \[0m
emulator	Set up Flutter	2025-09-23T10:11:18.1420337Z [36;1m  -d '/home/runner/.pub-cache' \[0m
emulator	Set up Flutter	2025-09-23T10:11:18.1420632Z [36;1m  stable[0m
emulator	Set up Flutter	2025-09-23T10:11:18.1451262Z shell: /usr/bin/bash --noprofile --norc -e -o pipefail {0}
emulator	Set up Flutter	2025-09-23T10:11:18.1451648Z env:
emulator	Set up Flutter	2025-09-23T10:11:18.1451971Z   JAVA_HOME: /opt/hostedtoolcache/Java_Temurin-Hotspot_jdk/17.0.16-8/x64
emulator	Set up Flutter	2025-09-23T10:11:18.1452696Z   JAVA_HOME_17_X64: /opt/hostedtoolcache/Java_Temurin-Hotspot_jdk/17.0.16-8/x64
emulator	Set up Flutter	2025-09-23T10:11:18.1453114Z ##[endgroup]
emulator	Set up Flutter	2025-09-23T10:11:18.2889262Z   % Total    % Received % Xferd  Average Speed   Time    Time     Time  Current
emulator	Set up Flutter	2025-09-23T10:11:18.2890152Z                                  Dload  Upload   Total   Spent    Left  Speed
emulator	Set up Flutter	2025-09-23T10:11:18.2890509Z 
emulator	Set up Flutter	2025-09-23T10:11:18.4668916Z   0     0    0     0    0     0      0      0 --:--:-- --:--:-- --:--:--     0
emulator	Set up Flutter	2025-09-23T10:11:19.4671668Z   0 1372M    0 7362k    0     0  40.3M      0  0:00:34 --:--:--  0:00:34 40.1M
emulator	Set up Flutter	2025-09-23T10:11:20.4678019Z  16 1372M   16  222M    0     0   189M      0  0:00:07  0:00:01  0:00:06  188M
emulator	Set up Flutter	2025-09-23T10:11:21.4674345Z  31 1372M   31  433M    0     0   198M      0  0:00:06  0:00:02  0:00:04  198M
emulator	Set up Flutter	2025-09-23T10:11:22.4673106Z  47 1372M   47  647M    0     0   203M      0  0:00:06  0:00:03  0:00:03  203M
emulator	Set up Flutter	2025-09-23T10:11:23.4670412Z  62 1372M   62  862M    0     0   206M      0  0:00:06  0:00:04  0:00:02  206M
emulator	Set up Flutter	2025-09-23T10:11:24.4674659Z  77 1372M   77 1070M    0     0   206M      0  0:00:06  0:00:05  0:00:01  212M
emulator	Set up Flutter	2025-09-23T10:11:24.9581290Z  92 1372M   92 1264M    0     0   204M      0  0:00:06  0:00:06 --:--:--  208M
emulator	Set up Flutter	2025-09-23T10:11:24.9582141Z 100 1372M  100 1372M    0     0   205M      0  0:00:06  0:00:06 --:--:--  209M
emulator	Flutter pub get	∩╗┐2025-09-23T10:12:13.8666931Z ##[group]Run flutter pub get
emulator	Flutter pub get	2025-09-23T10:12:13.8667262Z [36;1mflutter pub get[0m
emulator	Flutter pub get	2025-09-23T10:12:13.8698209Z shell: /usr/bin/bash -e {0}
emulator	Flutter pub get	2025-09-23T10:12:13.8698472Z env:
emulator	Flutter pub get	2025-09-23T10:12:13.8698764Z   JAVA_HOME: /opt/hostedtoolcache/Java_Temurin-Hotspot_jdk/17.0.16-8/x64
emulator	Flutter pub get	2025-09-23T10:12:13.8699253Z   JAVA_HOME_17_X64: /opt/hostedtoolcache/Java_Temurin-Hotspot_jdk/17.0.16-8/x64
emulator	Flutter pub get	2025-09-23T10:12:13.8699701Z   FLUTTER_ROOT: /opt/hostedtoolcache/flutter/stable-3.35.4-x64
emulator	Flutter pub get	2025-09-23T10:12:13.8700093Z   PUB_CACHE: /home/runner/.pub-cache
emulator	Flutter pub get	2025-09-23T10:12:13.8700348Z ##[endgroup]
emulator	Flutter pub get	2025-09-23T10:12:18.4173734Z Resolving dependencies...
emulator	Flutter pub get	2025-09-23T10:12:19.8827490Z Downloading packages...
emulator	Flutter pub get	2025-09-23T10:12:24.9650933Z + _fe_analyzer_shared 89.0.0
emulator	Flutter pub get	2025-09-23T10:12:24.9651458Z + analyzer 8.2.0
emulator	Flutter pub get	2025-09-23T10:12:24.9651811Z + app_links 6.4.1
emulator	Flutter pub get	2025-09-23T10:12:24.9652190Z + app_links_linux 1.0.3
emulator	Flutter pub get	2025-09-23T10:12:24.9652873Z + app_links_platform_interface 2.0.2
emulator	Flutter pub get	2025-09-23T10:12:24.9653304Z + app_links_web 1.0.4
emulator	Flutter pub get	2025-09-23T10:12:24.9653735Z + archive 4.0.7
emulator	Flutter pub get	2025-09-23T10:12:24.9654218Z + argon2 1.0.1
emulator	Flutter pub get	2025-09-23T10:12:24.9673412Z + args 2.7.0
emulator	Flutter pub get	2025-09-23T10:12:24.9673874Z + async 2.13.0
emulator	Flutter pub get	2025-09-23T10:12:24.9674453Z + boolean_selector 2.1.2
emulator	Flutter pub get	2025-09-23T10:12:24.9674874Z + build 4.0.0
emulator	Flutter pub get	2025-09-23T10:12:24.9675202Z + build_config 1.2.0
emulator	Flutter pub get	2025-09-23T10:12:24.9675534Z + build_daemon 4.0.4
emulator	Flutter pub get	2025-09-23T10:12:24.9675872Z + build_runner 2.8.0
emulator	Flutter pub get	2025-09-23T10:12:24.9676232Z + built_collection 5.1.1
emulator	Flutter pub get	2025-09-23T10:12:24.9676930Z + built_value 8.12.0
emulator	Flutter pub get	2025-09-23T10:12:24.9677309Z + characters 1.4.0 (1.4.1 available)
emulator	Flutter pub get	2025-09-23T10:12:24.9677733Z + checked_yaml 2.0.4
emulator	Flutter pub get	2025-09-23T10:12:24.9678149Z + clock 1.1.2
emulator	Flutter pub get	2025-09-23T10:12:24.9678468Z + code_builder 4.11.0
emulator	Flutter pub get	2025-09-23T10:12:24.9678807Z + collection 1.19.1
emulator	Flutter pub get	2025-09-23T10:12:24.9679182Z + connectivity_plus 6.1.5 (7.0.0 available)
emulator	Flutter pub get	2025-09-23T10:12:24.9679677Z + connectivity_plus_platform_interface 2.0.1
emulator	Flutter pub get	2025-09-23T10:12:24.9680128Z + convert 3.1.2
emulator	Flutter pub get	2025-09-23T10:12:24.9680440Z + cross_file 0.3.4+2
emulator	Flutter pub get	2025-09-23T10:12:24.9680845Z + crypto 3.0.6
emulator	Flutter pub get	2025-09-23T10:12:24.9681150Z + cryptography 2.7.0
emulator	Flutter pub get	2025-09-23T10:12:24.9681485Z + dart_style 3.1.2
emulator	Flutter pub get	2025-09-23T10:12:24.9681788Z + dbus 0.7.11
emulator	Flutter pub get	2025-09-23T10:12:24.9682060Z + dio 5.9.0
emulator	Flutter pub get	2025-09-23T10:12:24.9682346Z + dio_web_adapter 2.1.1
emulator	Flutter pub get	2025-09-23T10:12:24.9682839Z + fake_async 1.3.3
emulator	Flutter pub get	2025-09-23T10:12:24.9683141Z + ffi 2.1.4
emulator	Flutter pub get	2025-09-23T10:12:24.9683412Z + file 7.0.1
emulator	Flutter pub get	2025-09-23T10:12:24.9683705Z + file_saver 0.3.1
emulator	Flutter pub get	2025-09-23T10:12:24.9684016Z + file_selector 1.0.4
emulator	Flutter pub get	2025-09-23T10:12:24.9684354Z + file_selector_android 0.5.1+16
emulator	Flutter pub get	2025-09-23T10:12:24.9684731Z + file_selector_ios 0.5.3+2
emulator	Flutter pub get	2025-09-23T10:12:24.9685103Z + file_selector_linux 0.9.3+2
emulator	Flutter pub get	2025-09-23T10:12:24.9685467Z + file_selector_macos 0.9.4+4
emulator	Flutter pub get	2025-09-23T10:12:24.9685859Z + file_selector_platform_interface 2.6.2
emulator	Flutter pub get	2025-09-23T10:12:24.9686278Z + file_selector_web 0.9.4+2
emulator	Flutter pub get	2025-09-23T10:12:24.9686702Z + file_selector_windows 0.9.3+4
emulator	Flutter pub get	2025-09-23T10:12:24.9687090Z + fixnum 1.1.1
emulator	Flutter pub get	2025-09-23T10:12:24.9687414Z + flutter 0.0.0 from sdk flutter
emulator	Flutter pub get	2025-09-23T10:12:24.9687811Z + flutter_background_service 5.1.0
emulator	Flutter pub get	2025-09-23T10:12:24.9688224Z + flutter_background_service_android 6.3.1
emulator	Flutter pub get	2025-09-23T10:12:24.9688670Z + flutter_background_service_ios 5.0.3
emulator	Flutter pub get	2025-09-23T10:12:24.9689225Z + flutter_background_service_platform_interface 5.1.2
emulator	Flutter pub get	2025-09-23T10:12:24.9689721Z + flutter_dotenv 6.0.0
emulator	Flutter pub get	2025-09-23T10:12:24.9690037Z + flutter_lints 6.0.0
emulator	Flutter pub get	2025-09-23T10:12:24.9690257Z + flutter_local_notifications 19.4.2
emulator	Flutter pub get	2025-09-23T10:12:24.9690526Z + flutter_local_notifications_linux 6.0.0
emulator	Flutter pub get	2025-09-23T10:12:24.9690828Z + flutter_local_notifications_platform_interface 9.1.0
emulator	Flutter pub get	2025-09-23T10:12:24.9691146Z + flutter_local_notifications_windows 1.0.3
emulator	Flutter pub get	2025-09-23T10:12:24.9691419Z + flutter_riverpod 2.6.1 (3.0.0 available)
emulator	Flutter pub get	2025-09-23T10:12:24.9691671Z + flutter_secure_storage 9.2.4
emulator	Flutter pub get	2025-09-23T10:12:24.9691934Z + flutter_secure_storage_linux 1.2.3 (2.0.1 available)
emulator	Flutter pub get	2025-09-23T10:12:24.9692247Z + flutter_secure_storage_macos 3.1.3 (4.0.0 available)
emulator	Flutter pub get	2025-09-23T10:12:24.9692824Z + flutter_secure_storage_platform_interface 1.1.2 (2.0.1 available)
emulator	Flutter pub get	2025-09-23T10:12:24.9693430Z + flutter_secure_storage_web 1.2.1 (2.0.0 available)
emulator	Flutter pub get	2025-09-23T10:12:24.9693744Z + flutter_secure_storage_windows 3.1.2 (4.0.0 available)
emulator	Flutter pub get	2025-09-23T10:12:24.9694039Z + flutter_test 0.0.0 from sdk flutter
emulator	Flutter pub get	2025-09-23T10:12:24.9694289Z + flutter_web_plugins 0.0.0 from sdk flutter
emulator	Flutter pub get	2025-09-23T10:12:24.9694800Z + frontend_server_client 4.0.0
emulator	Flutter pub get	2025-09-23T10:12:24.9695230Z + functions_client 2.4.4
emulator	Flutter pub get	2025-09-23T10:12:24.9695558Z + glob 2.1.3
emulator	Flutter pub get	2025-09-23T10:12:24.9695840Z + go_router 16.2.2
emulator	Flutter pub get	2025-09-23T10:12:24.9696127Z + gotrue 2.15.0
emulator	Flutter pub get	2025-09-23T10:12:24.9696412Z + graphs 2.3.2
emulator	Flutter pub get	2025-09-23T10:12:24.9696684Z + gtk 2.1.0
emulator	Flutter pub get	2025-09-23T10:12:24.9696944Z + hex 0.2.0
emulator	Flutter pub get	2025-09-23T10:12:24.9697204Z + hive 2.2.3
emulator	Flutter pub get	2025-09-23T10:12:24.9697478Z + hive_flutter 1.1.0
emulator	Flutter pub get	2025-09-23T10:12:24.9697780Z + http 1.5.0
emulator	Flutter pub get	2025-09-23T10:12:24.9698062Z + http_multi_server 3.2.2
emulator	Flutter pub get	2025-09-23T10:12:24.9698403Z + http_parser 4.1.2
emulator	Flutter pub get	2025-09-23T10:12:24.9698583Z + intl 0.20.2
emulator	Flutter pub get	2025-09-23T10:12:24.9698767Z + io 1.0.5
emulator	Flutter pub get	2025-09-23T10:12:24.9698933Z + js 0.6.7 (0.7.2 available)
emulator	Flutter pub get	2025-09-23T10:12:24.9699142Z + json_annotation 4.9.0
emulator	Flutter pub get	2025-09-23T10:12:24.9699332Z + jwt_decode 0.3.1
emulator	Flutter pub get	2025-09-23T10:12:24.9699512Z + leak_tracker 11.0.2
emulator	Flutter pub get	2025-09-23T10:12:24.9699713Z + leak_tracker_flutter_testing 3.0.10
emulator	Flutter pub get	2025-09-23T10:12:24.9699957Z + leak_tracker_testing 3.0.2
emulator	Flutter pub get	2025-09-23T10:12:24.9700165Z + lints 6.0.0
emulator	Flutter pub get	2025-09-23T10:12:24.9700323Z + logging 1.3.0
emulator	Flutter pub get	2025-09-23T10:12:24.9700656Z + matcher 0.12.17
emulator	Flutter pub get	2025-09-23T10:12:24.9700875Z + material_color_utilities 0.11.1 (0.13.0 available)
emulator	Flutter pub get	2025-09-23T10:12:24.9701155Z + meta 1.16.0 (1.17.0 available)
emulator	Flutter pub get	2025-09-23T10:12:24.9701358Z + mime 2.0.0
emulator	Flutter pub get	2025-09-23T10:12:24.9701523Z + nm 0.5.0
emulator	Flutter pub get	2025-09-23T10:12:24.9701681Z + open_filex 4.7.0
emulator	Flutter pub get	2025-09-23T10:12:24.9701870Z + package_config 2.2.0
emulator	Flutter pub get	2025-09-23T10:12:24.9702074Z + package_info_plus 9.0.0
emulator	Flutter pub get	2025-09-23T10:12:24.9702317Z + package_info_plus_platform_interface 3.2.1
emulator	Flutter pub get	2025-09-23T10:12:24.9702791Z + path 1.9.1
emulator	Flutter pub get	2025-09-23T10:12:24.9702968Z + path_provider 2.1.5
emulator	Flutter pub get	2025-09-23T10:12:24.9703170Z + path_provider_android 2.2.18
emulator	Flutter pub get	2025-09-23T10:12:24.9703396Z + path_provider_foundation 2.4.2
emulator	Flutter pub get	2025-09-23T10:12:24.9703627Z + path_provider_linux 2.2.1
emulator	Flutter pub get	2025-09-23T10:12:24.9703862Z + path_provider_platform_interface 2.1.2
emulator	Flutter pub get	2025-09-23T10:12:24.9704119Z + path_provider_windows 2.3.0
emulator	Flutter pub get	2025-09-23T10:12:24.9704356Z + permission_handler 11.4.0 (12.0.1 available)
emulator	Flutter pub get	2025-09-23T10:12:24.9704654Z + permission_handler_android 12.1.0 (13.0.1 available)
emulator	Flutter pub get	2025-09-23T10:12:24.9704944Z + permission_handler_apple 9.4.7
emulator	Flutter pub get	2025-09-23T10:12:24.9705185Z + permission_handler_html 0.1.3+5
emulator	Flutter pub get	2025-09-23T10:12:24.9705438Z + permission_handler_platform_interface 4.3.0
emulator	Flutter pub get	2025-09-23T10:12:24.9705701Z + permission_handler_windows 0.2.1
emulator	Flutter pub get	2025-09-23T10:12:24.9705933Z + petitparser 7.0.1
emulator	Flutter pub get	2025-09-23T10:12:24.9706112Z + platform 3.1.6
emulator	Flutter pub get	2025-09-23T10:12:24.9706306Z + plugin_platform_interface 2.1.8
emulator	Flutter pub get	2025-09-23T10:12:24.9706539Z + pointycastle 3.9.1 (4.0.0 available)
emulator	Flutter pub get	2025-09-23T10:12:24.9706771Z + pool 1.5.2
emulator	Flutter pub get	2025-09-23T10:12:24.9706932Z + posix 6.0.3
emulator	Flutter pub get	2025-09-23T10:12:24.9707103Z + postgrest 2.4.2
emulator	Flutter pub get	2025-09-23T10:12:24.9707283Z + pub_semver 2.2.0
emulator	Flutter pub get	2025-09-23T10:12:24.9707464Z + pubspec_parse 1.5.0
emulator	Flutter pub get	2025-09-23T10:12:24.9707664Z + realtime_client 2.5.2
emulator	Flutter pub get	2025-09-23T10:12:24.9707849Z + record 6.1.1
emulator	Flutter pub get	2025-09-23T10:12:24.9708025Z + record_android 1.4.2
emulator	Flutter pub get	2025-09-23T10:12:24.9708208Z + record_ios 1.1.2
emulator	Flutter pub get	2025-09-23T10:12:24.9708389Z + record_linux 1.2.1
emulator	Flutter pub get	2025-09-23T10:12:24.9708571Z + record_macos 1.1.1
emulator	Flutter pub get	2025-09-23T10:12:24.9708767Z + record_platform_interface 1.4.0
emulator	Flutter pub get	2025-09-23T10:12:24.9708982Z + record_web 1.2.0
emulator	Flutter pub get	2025-09-23T10:12:24.9709162Z + record_windows 1.0.7
emulator	Flutter pub get	2025-09-23T10:12:24.9709339Z + retry 3.1.2
emulator	Flutter pub get	2025-09-23T10:12:24.9709520Z + riverpod 2.6.1 (3.0.0 available)
emulator	Flutter pub get	2025-09-23T10:12:24.9709737Z + rxdart 0.28.0
emulator	Flutter pub get	2025-09-23T10:12:24.9709912Z + sentry 8.14.2 (9.6.0 available)
emulator	Flutter pub get	2025-09-23T10:12:24.9710139Z + sentry_flutter 8.14.2 (9.6.0 available)
emulator	Flutter pub get	2025-09-23T10:12:24.9710379Z + share_plus 11.1.0 (12.0.0 available)
emulator	Flutter pub get	2025-09-23T10:12:24.9710768Z + share_plus_platform_interface 6.1.0
emulator	Flutter pub get	2025-09-23T10:12:24.9711008Z + shared_preferences 2.5.3
emulator	Flutter pub get	2025-09-23T10:12:24.9711232Z + shared_preferences_android 2.4.13
emulator	Flutter pub get	2025-09-23T10:12:24.9711475Z + shared_preferences_foundation 2.5.4
emulator	Flutter pub get	2025-09-23T10:12:24.9711757Z + shared_preferences_linux 2.4.1
emulator	Flutter pub get	2025-09-23T10:12:24.9712007Z + shared_preferences_platform_interface 2.4.1
emulator	Flutter pub get	2025-09-23T10:12:24.9712264Z + shared_preferences_web 2.4.3
emulator	Flutter pub get	2025-09-23T10:12:24.9712689Z + shared_preferences_windows 2.4.1
emulator	Flutter pub get	2025-09-23T10:12:24.9712911Z + shelf 1.4.2
emulator	Flutter pub get	2025-09-23T10:12:24.9713121Z + shelf_web_socket 3.0.0
emulator	Flutter pub get	2025-09-23T10:12:24.9713334Z + sky_engine 0.0.0 from sdk flutter
emulator	Flutter pub get	2025-09-23T10:12:24.9713567Z + source_span 1.10.1
emulator	Flutter pub get	2025-09-23T10:12:24.9713748Z + sprintf 7.0.0
emulator	Flutter pub get	2025-09-23T10:12:24.9713925Z + stack_trace 1.12.1
emulator	Flutter pub get	2025-09-23T10:12:24.9714103Z + state_notifier 1.0.0
emulator	Flutter pub get	2025-09-23T10:12:24.9714295Z + storage_client 2.4.1
emulator	Flutter pub get	2025-09-23T10:12:24.9714481Z + stream_channel 2.1.4
emulator	Flutter pub get	2025-09-23T10:12:24.9714664Z + stream_transform 2.1.1
emulator	Flutter pub get	2025-09-23T10:12:24.9714870Z + string_scanner 1.4.1
emulator	Flutter pub get	2025-09-23T10:12:24.9715046Z + supabase 2.9.1
emulator	Flutter pub get	2025-09-23T10:12:24.9715228Z + supabase_flutter 2.10.1
emulator	Flutter pub get	2025-09-23T10:12:24.9715421Z + term_glyph 1.2.2
emulator	Flutter pub get	2025-09-23T10:12:24.9715611Z + test_api 0.7.6 (0.7.7 available)
emulator	Flutter pub get	2025-09-23T10:12:24.9715817Z + timezone 0.10.1
emulator	Flutter pub get	2025-09-23T10:12:24.9715993Z + typed_data 1.4.0
emulator	Flutter pub get	2025-09-23T10:12:24.9716165Z + url_launcher 6.3.2
emulator	Flutter pub get	2025-09-23T10:12:24.9716356Z + url_launcher_android 6.3.22
emulator	Flutter pub get	2025-09-23T10:12:24.9716698Z + url_launcher_ios 6.3.4
emulator	Flutter pub get	2025-09-23T10:12:24.9716900Z + url_launcher_linux 3.2.1
emulator	Flutter pub get	2025-09-23T10:12:24.9717106Z + url_launcher_macos 3.2.3
emulator	Flutter pub get	2025-09-23T10:12:24.9717319Z + url_launcher_platform_interface 2.3.2
emulator	Flutter pub get	2025-09-23T10:12:24.9717562Z + url_launcher_web 2.4.1
emulator	Flutter pub get	2025-09-23T10:12:24.9717761Z + url_launcher_windows 3.1.4
emulator	Flutter pub get	2025-09-23T10:12:24.9717963Z + uuid 4.5.1
emulator	Flutter pub get	2025-09-23T10:12:24.9718125Z + vector_math 2.2.0
emulator	Flutter pub get	2025-09-23T10:12:24.9718304Z + vm_service 15.0.2
emulator	Flutter pub get	2025-09-23T10:12:24.9718476Z + watcher 1.1.3
emulator	Flutter pub get	2025-09-23T10:12:24.9718651Z + web 1.1.1
emulator	Flutter pub get	2025-09-23T10:12:24.9718810Z + web_socket 1.0.1
emulator	Flutter pub get	2025-09-23T10:12:24.9718995Z + web_socket_channel 3.0.3
emulator	Flutter pub get	2025-09-23T10:12:24.9719194Z + win32 5.14.0
emulator	Flutter pub get	2025-09-23T10:12:24.9719367Z + xdg_directories 1.1.0
emulator	Flutter pub get	2025-09-23T10:12:24.9719553Z + xml 6.6.1
emulator	Flutter pub get	2025-09-23T10:12:24.9719704Z + yaml 3.1.3
emulator	Flutter pub get	2025-09-23T10:12:24.9719886Z + yet_another_json_isolate 2.1.0
emulator	Flutter pub get	2025-09-23T10:12:24.9720120Z Changed 179 dependencies!
emulator	Flutter pub get	2025-09-23T10:12:24.9720464Z 19 packages have newer versions incompatible with dependency constraints.
emulator	Flutter pub get	2025-09-23T10:12:24.9720848Z Try `flutter pub outdated` for more information.
emulator	Build app and tests	∩╗┐2025-09-23T10:12:25.5520721Z ##[group]Run flutter build apk --debug
emulator	Build app and tests	2025-09-23T10:12:25.5521358Z [36;1mflutter build apk --debug[0m
emulator	Build app and tests	2025-09-23T10:12:25.5521785Z [36;1mcd android[0m
emulator	Build app and tests	2025-09-23T10:12:25.5522200Z [36;1m./gradlew assembleAndroidTest assembleDebug[0m
emulator	Build app and tests	2025-09-23T10:12:25.5553354Z shell: /usr/bin/bash -e {0}
emulator	Build app and tests	2025-09-23T10:12:25.5553594Z env:
emulator	Build app and tests	2025-09-23T10:12:25.5553901Z   JAVA_HOME: /opt/hostedtoolcache/Java_Temurin-Hotspot_jdk/17.0.16-8/x64
emulator	Build app and tests	2025-09-23T10:12:25.5554378Z   JAVA_HOME_17_X64: /opt/hostedtoolcache/Java_Temurin-Hotspot_jdk/17.0.16-8/x64
emulator	Build app and tests	2025-09-23T10:12:25.5554869Z   FLUTTER_ROOT: /opt/hostedtoolcache/flutter/stable-3.35.4-x64
emulator	Build app and tests	2025-09-23T10:12:25.5555218Z   PUB_CACHE: /home/runner/.pub-cache
emulator	Build app and tests	2025-09-23T10:12:25.5555467Z ##[endgroup]
emulator	Build app and tests	2025-09-23T10:14:41.2135490Z Running Gradle task 'assembleDebug'...                          
emulator	Build app and tests	2025-09-23T10:14:41.2158908Z Warning: Flutter support for your project's Kotlin version (1.9.24) will soon be dropped. Please upgrade your Kotlin version to a version of at least 2.1.0 soon.
emulator	Build app and tests	2025-09-23T10:14:41.2164696Z Alternatively, use the flag "--android-skip-build-dependency-validation" to bypass this check.
emulator	Build app and tests	2025-09-23T10:14:41.2165770Z 
emulator	Build app and tests	2025-09-23T10:14:41.2168928Z Potential fix: Your project's KGP version is typically defined in the plugins block of the `settings.gradle` file (/home/runner/work/hold_that_thought/hold_that_thought/android/settings.gradle), by a plugin with the id of org.jetbrains.kotlin.android. 
emulator	Build app and tests	2025-09-23T10:14:41.2171908Z If you don't see a plugins block, your project was likely created with an older template version, in which case it is most likely defined in the top-level build.gradle file (/home/runner/work/hold_that_thought/hold_that_thought/android/build.gradle) by the ext.kotlin_version property.
emulator	Build app and tests	2025-09-23T10:14:41.2173599Z 
emulator	Build app and tests	2025-09-23T10:14:41.7017370Z 
emulator	Build app and tests	2025-09-23T10:14:41.7019987Z FAILURE: Build failed with an exception.
emulator	Build app and tests	2025-09-23T10:14:41.7020381Z 
emulator	Build app and tests	2025-09-23T10:14:41.7020489Z * Where:
emulator	Build app and tests	2025-09-23T10:14:41.7021117Z Build file '/home/runner/work/hold_that_thought/hold_that_thought/android/build.gradle.kts' line: 19
emulator	Build app and tests	2025-09-23T10:14:41.7021753Z 
emulator	Build app and tests	2025-09-23T10:14:41.7021872Z * What went wrong:
emulator	Build app and tests	2025-09-23T10:14:41.7022246Z A problem occurred configuring project ':app'.
emulator	Build app and tests	2025-09-23T10:14:41.7022959Z > A problem occurred evaluating project ':app'.
emulator	Build app and tests	2025-09-23T10:14:41.7059316Z    > Could not get unknown property 'kotlin_version' for object of type org.gradle.api.internal.artifacts.dsl.dependencies.DefaultDependencyHandler.
emulator	Build app and tests	2025-09-23T10:14:41.7062034Z 
emulator	Build app and tests	2025-09-23T10:14:41.7062167Z * Try:
emulator	Build app and tests	2025-09-23T10:14:41.7062833Z > Run with --stacktrace option to get the stack trace.
emulator	Build app and tests	2025-09-23T10:14:41.7063452Z > Run with --info or --debug option to get more log output.
emulator	Build app and tests	2025-09-23T10:14:41.7064008Z > Run with --scan to get full insights.
emulator	Build app and tests	2025-09-23T10:14:41.7104431Z > Get more help at https://help.gradle.org.
emulator	Build app and tests	2025-09-23T10:14:41.7106331Z 
emulator	Build app and tests	2025-09-23T10:14:41.7109776Z BUILD FAILED in 2m 14s
emulator	Build app and tests	2025-09-23T10:14:42.0999253Z Running Gradle task 'assembleDebug'...                            135.8s
emulator	Build app and tests	2025-09-23T10:14:42.1091243Z Gradle task assembleDebug failed with exit code 1
emulator	Build app and tests	2025-09-23T10:14:42.1159289Z ##[error]Process completed with exit code 1.
emulator	Upload test reports	∩╗┐2025-09-23T10:14:42.1232125Z ##[group]Run actions/upload-artifact@v4
emulator	Upload test reports	2025-09-23T10:14:42.1232402Z with:
emulator	Upload test reports	2025-09-23T10:14:42.1232869Z   name: android-instrumentation-reports
emulator	Upload test reports	2025-09-23T10:14:42.1233136Z   path: android/**/connected/**/index.html
emulator	Upload test reports	2025-09-23T10:14:42.1233393Z   if-no-files-found: warn
emulator	Upload test reports	2025-09-23T10:14:42.1233606Z   compression-level: 6
emulator	Upload test reports	2025-09-23T10:14:42.1233792Z   overwrite: false
emulator	Upload test reports	2025-09-23T10:14:42.1233984Z   include-hidden-files: false
emulator	Upload test reports	2025-09-23T10:14:42.1234186Z env:
emulator	Upload test reports	2025-09-23T10:14:42.1234464Z   JAVA_HOME: /opt/hostedtoolcache/Java_Temurin-Hotspot_jdk/17.0.16-8/x64
emulator	Upload test reports	2025-09-23T10:14:42.1234921Z   JAVA_HOME_17_X64: /opt/hostedtoolcache/Java_Temurin-Hotspot_jdk/17.0.16-8/x64
emulator	Upload test reports	2025-09-23T10:14:42.1235373Z   FLUTTER_ROOT: /opt/hostedtoolcache/flutter/stable-3.35.4-x64
emulator	Upload test reports	2025-09-23T10:14:42.1235702Z   PUB_CACHE: /home/runner/.pub-cache
emulator	Upload test reports	2025-09-23T10:14:42.1235927Z ##[endgroup]
emulator	Upload test reports	2025-09-23T10:14:42.3443549Z ##[warning]No files were found with the provided path: android/**/connected/**/index.html. No artifacts will be uploaded.
emulator	Post Set up Flutter	∩╗┐2025-09-23T10:14:42.3654423Z Post job cleanup.
emulator	Post Set up JDK 17	∩╗┐2025-09-23T10:14:42.3749520Z Post job cleanup.
emulator	Post Run actions/checkout@v4	∩╗┐2025-09-23T10:14:42.5454844Z Post job cleanup.
emulator	Post Run actions/checkout@v4	2025-09-23T10:14:42.6381393Z [command]/usr/bin/git version
emulator	Post Run actions/checkout@v4	2025-09-23T10:14:42.6424402Z git version 2.51.0
emulator	Post Run actions/checkout@v4	2025-09-23T10:14:42.6466619Z Temporarily overriding HOME='/home/runner/work/_temp/07e912a5-8309-49e0-ab82-d4307ca2fef8' before making global git config changes
emulator	Post Run actions/checkout@v4	2025-09-23T10:14:42.6467944Z Adding repository directory to the temporary git global config as a safe directory
emulator	Post Run actions/checkout@v4	2025-09-23T10:14:42.6472792Z [command]/usr/bin/git config --global --add safe.directory /home/runner/work/hold_that_thought/hold_that_thought
emulator	Post Run actions/checkout@v4	2025-09-23T10:14:42.6506286Z [command]/usr/bin/git config --local --name-only --get-regexp core\.sshCommand
emulator	Post Run actions/checkout@v4	2025-09-23T10:14:42.6540891Z [command]/usr/bin/git submodule foreach --recursive sh -c "git config --local --name-only --get-regexp 'core\.sshCommand' && git config --local --unset-all 'core.sshCommand' || :"
emulator	Post Run actions/checkout@v4	2025-09-23T10:14:42.6784435Z [command]/usr/bin/git config --local --name-only --get-regexp http\.https\:\/\/github\.com\/\.extraheader
emulator	Post Run actions/checkout@v4	2025-09-23T10:14:42.6806884Z http.https://github.com/.extraheader
emulator	Post Run actions/checkout@v4	2025-09-23T10:14:42.6818984Z [command]/usr/bin/git config --local --unset-all http.https://github.com/.extraheader
emulator	Post Run actions/checkout@v4	2025-09-23T10:14:42.6851459Z [command]/usr/bin/git submodule foreach --recursive sh -c "git config --local --name-only --get-regexp 'http\.https\:\/\/github\.com\/\.extraheader' && git config --local --unset-all 'http.https://github.com/.extraheader' || :"
emulator	Complete job	∩╗┐2025-09-23T10:14:42.7196666Z Cleaning up orphan processes
emulator	Complete job	2025-09-23T10:14:42.7490839Z Terminate orphan process: pid (2523) (java)
emulator	Complete job	2025-09-23T10:14:42.7510954Z Terminate orphan process: pid (2662) (java)
