build	Set up job	∩╗┐2025-09-24T21:51:29.3428493Z Current runner version: '2.328.0'
build	Set up job	2025-09-24T21:51:29.3459975Z ##[group]Runner Image Provisioner
build	Set up job	2025-09-24T21:51:29.3460831Z Hosted Compute Agent
build	Set up job	2025-09-24T21:51:29.3461364Z Version: 20250912.392
build	Set up job	2025-09-24T21:51:29.3461899Z Commit: d921fda672a98b64f4f82364647e2f10b2267d0b
build	Set up job	2025-09-24T21:51:29.3462657Z Build Date: 2025-09-12T15:23:14Z
build	Set up job	2025-09-24T21:51:29.3463235Z ##[endgroup]
build	Set up job	2025-09-24T21:51:29.3463713Z ##[group]Operating System
build	Set up job	2025-09-24T21:51:29.3464304Z Ubuntu
build	Set up job	2025-09-24T21:51:29.3464731Z 24.04.3
build	Set up job	2025-09-24T21:51:29.3465175Z LTS
build	Set up job	2025-09-24T21:51:29.3465607Z ##[endgroup]
build	Set up job	2025-09-24T21:51:29.3466128Z ##[group]Runner Image
build	Set up job	2025-09-24T21:51:29.3466610Z Image: ubuntu-24.04
build	Set up job	2025-09-24T21:51:29.3467140Z Version: 20250922.53.1
build	Set up job	2025-09-24T21:51:29.3468141Z Included Software: https://github.com/actions/runner-images/blob/ubuntu24/20250922.53/images/ubuntu/Ubuntu2404-Readme.md
build	Set up job	2025-09-24T21:51:29.3469720Z Image Release: https://github.com/actions/runner-images/releases/tag/ubuntu24%2F20250922.53
build	Set up job	2025-09-24T21:51:29.3470965Z ##[endgroup]
build	Set up job	2025-09-24T21:51:29.3471956Z ##[group]GITHUB_TOKEN Permissions
build	Set up job	2025-09-24T21:51:29.3473771Z Contents: read
build	Set up job	2025-09-24T21:51:29.3474317Z Metadata: read
build	Set up job	2025-09-24T21:51:29.3474753Z Packages: read
build	Set up job	2025-09-24T21:51:29.3475369Z ##[endgroup]
build	Set up job	2025-09-24T21:51:29.3477473Z Secret source: Actions
build	Set up job	2025-09-24T21:51:29.3478410Z Prepare workflow directory
build	Set up job	2025-09-24T21:51:29.3939446Z Prepare all required actions
build	Set up job	2025-09-24T21:51:29.3994660Z Getting action download info
build	Set up job	2025-09-24T21:51:29.7164717Z Download action repository 'actions/checkout@v3' (SHA:f43a0e5ff2bd294095638e18286ca9a3d1956744)
build	Set up job	2025-09-24T21:51:29.8068722Z Download action repository 'subosito/flutter-action@v2' (SHA:fd55f4c5af5b953cc57a2be44cb082c8f6635e8e)
build	Set up job	2025-09-24T21:51:30.0745406Z Getting action download info
build	Set up job	2025-09-24T21:51:30.2107868Z Download action repository 'actions/cache@v4' (SHA:0057852bfaa89a56745cba8c7296529d2fc39830)
build	Set up job	2025-09-24T21:51:30.5486744Z Complete job name: build
build	Checkout	∩╗┐2025-09-24T21:51:30.6274552Z ##[group]Run actions/checkout@v3
build	Checkout	2025-09-24T21:51:30.6275954Z with:
build	Checkout	2025-09-24T21:51:30.6276784Z   repository: luccidnz/hold_that_thought
build	Checkout	2025-09-24T21:51:30.6278158Z   token: ***
build	Checkout	2025-09-24T21:51:30.6279086Z   ssh-strict: true
build	Checkout	2025-09-24T21:51:30.6279913Z   persist-credentials: true
build	Checkout	2025-09-24T21:51:30.6280811Z   clean: true
build	Checkout	2025-09-24T21:51:30.6281606Z   sparse-checkout-cone-mode: true
build	Checkout	2025-09-24T21:51:30.6282600Z   fetch-depth: 1
build	Checkout	2025-09-24T21:51:30.6283373Z   fetch-tags: false
build	Checkout	2025-09-24T21:51:30.6284117Z   lfs: false
build	Checkout	2025-09-24T21:51:30.6284839Z   submodules: false
build	Checkout	2025-09-24T21:51:30.6285624Z   set-safe-directory: true
build	Checkout	2025-09-24T21:51:30.6286798Z ##[endgroup]
build	Checkout	2025-09-24T21:51:30.7190515Z Syncing repository: luccidnz/hold_that_thought
build	Checkout	2025-09-24T21:51:30.7193607Z ##[group]Getting Git version info
build	Checkout	2025-09-24T21:51:30.7195127Z Working directory is '/home/runner/work/hold_that_thought/hold_that_thought'
build	Checkout	2025-09-24T21:51:30.7197303Z [command]/usr/bin/git version
build	Checkout	2025-09-24T21:51:30.7242975Z git version 2.51.0
build	Checkout	2025-09-24T21:51:30.7272506Z ##[endgroup]
build	Checkout	2025-09-24T21:51:30.7288967Z Temporarily overriding HOME='/home/runner/work/_temp/5f703b18-dd5a-40ef-95d3-ee3f7852e699' before making global git config changes
build	Checkout	2025-09-24T21:51:30.7292422Z Adding repository directory to the temporary git global config as a safe directory
build	Checkout	2025-09-24T21:51:30.7294790Z [command]/usr/bin/git config --global --add safe.directory /home/runner/work/hold_that_thought/hold_that_thought
build	Checkout	2025-09-24T21:51:30.7333744Z Deleting the contents of '/home/runner/work/hold_that_thought/hold_that_thought'
build	Checkout	2025-09-24T21:51:30.7337703Z ##[group]Initializing the repository
build	Checkout	2025-09-24T21:51:30.7341014Z [command]/usr/bin/git init /home/runner/work/hold_that_thought/hold_that_thought
build	Checkout	2025-09-24T21:51:30.7411994Z hint: Using 'master' as the name for the initial branch. This default branch name
build	Checkout	2025-09-24T21:51:30.7414964Z hint: is subject to change. To configure the initial branch name to use in all
build	Checkout	2025-09-24T21:51:30.7418418Z hint: of your new repositories, which will suppress this warning, call:
build	Checkout	2025-09-24T21:51:30.7421283Z hint:
build	Checkout	2025-09-24T21:51:30.7422878Z hint: 	git config --global init.defaultBranch <name>
build	Checkout	2025-09-24T21:51:30.7424858Z hint:
build	Checkout	2025-09-24T21:51:30.7426697Z hint: Names commonly chosen instead of 'master' are 'main', 'trunk' and
build	Checkout	2025-09-24T21:51:30.7430778Z hint: 'development'. The just-created branch can be renamed via this command:
build	Checkout	2025-09-24T21:51:30.7433040Z hint:
build	Checkout	2025-09-24T21:51:30.7434141Z hint: 	git branch -m <name>
build	Checkout	2025-09-24T21:51:30.7435054Z hint:
build	Checkout	2025-09-24T21:51:30.7436227Z hint: Disable this message with "git config set advice.defaultBranchName false"
build	Checkout	2025-09-24T21:51:30.7438698Z Initialized empty Git repository in /home/runner/work/hold_that_thought/hold_that_thought/.git/
build	Checkout	2025-09-24T21:51:30.7444335Z [command]/usr/bin/git remote add origin https://github.com/luccidnz/hold_that_thought
build	Checkout	2025-09-24T21:51:30.7469064Z ##[endgroup]
build	Checkout	2025-09-24T21:51:30.7471471Z ##[group]Disabling automatic garbage collection
build	Checkout	2025-09-24T21:51:30.7473640Z [command]/usr/bin/git config --local gc.auto 0
build	Checkout	2025-09-24T21:51:30.7507398Z ##[endgroup]
build	Checkout	2025-09-24T21:51:30.7510021Z ##[group]Setting up auth
build	Checkout	2025-09-24T21:51:30.7514548Z [command]/usr/bin/git config --local --name-only --get-regexp core\.sshCommand
build	Checkout	2025-09-24T21:51:30.7549101Z [command]/usr/bin/git submodule foreach --recursive sh -c "git config --local --name-only --get-regexp 'core\.sshCommand' && git config --local --unset-all 'core.sshCommand' || :"
build	Checkout	2025-09-24T21:51:30.7891096Z [command]/usr/bin/git config --local --name-only --get-regexp http\.https\:\/\/github\.com\/\.extraheader
build	Checkout	2025-09-24T21:51:30.7924094Z [command]/usr/bin/git submodule foreach --recursive sh -c "git config --local --name-only --get-regexp 'http\.https\:\/\/github\.com\/\.extraheader' && git config --local --unset-all 'http.https://github.com/.extraheader' || :"
build	Checkout	2025-09-24T21:51:30.8165259Z [command]/usr/bin/git config --local http.https://github.com/.extraheader AUTHORIZATION: basic ***
build	Checkout	2025-09-24T21:51:30.8208946Z ##[endgroup]
build	Checkout	2025-09-24T21:51:30.8210889Z ##[group]Fetching the repository
build	Checkout	2025-09-24T21:51:30.8218431Z [command]/usr/bin/git -c protocol.version=2 fetch --no-tags --prune --progress --no-recurse-submodules --depth=1 origin +2f044094851e321a5deb0663ebf53183b39c185b:refs/remotes/pull/3/merge
build	Checkout	2025-09-24T21:51:30.9954390Z remote: Enumerating objects: 280, done.        
build	Checkout	2025-09-24T21:51:30.9957025Z remote: Counting objects:   0% (1/280)        
build	Checkout	2025-09-24T21:51:30.9958946Z remote: Counting objects:   1% (3/280)        
build	Checkout	2025-09-24T21:51:30.9960958Z remote: Counting objects:   2% (6/280)        
build	Checkout	2025-09-24T21:51:30.9962503Z remote: Counting objects:   3% (9/280)        
build	Checkout	2025-09-24T21:51:30.9963657Z remote: Counting objects:   4% (12/280)        
build	Checkout	2025-09-24T21:51:30.9964819Z remote: Counting objects:   5% (14/280)        
build	Checkout	2025-09-24T21:51:30.9965974Z remote: Counting objects:   6% (17/280)        
build	Checkout	2025-09-24T21:51:30.9967123Z remote: Counting objects:   7% (20/280)        
build	Checkout	2025-09-24T21:51:30.9968448Z remote: Counting objects:   8% (23/280)        
build	Checkout	2025-09-24T21:51:30.9969732Z remote: Counting objects:   9% (26/280)        
build	Checkout	2025-09-24T21:51:30.9970864Z remote: Counting objects:  10% (28/280)        
build	Checkout	2025-09-24T21:51:30.9972019Z remote: Counting objects:  11% (31/280)        
build	Checkout	2025-09-24T21:51:30.9973178Z remote: Counting objects:  12% (34/280)        
build	Checkout	2025-09-24T21:51:30.9974319Z remote: Counting objects:  13% (37/280)        
build	Checkout	2025-09-24T21:51:30.9975808Z remote: Counting objects:  14% (40/280)        
build	Checkout	2025-09-24T21:51:30.9977111Z remote: Counting objects:  15% (42/280)        
build	Checkout	2025-09-24T21:51:30.9978870Z remote: Counting objects:  16% (45/280)        
build	Checkout	2025-09-24T21:51:30.9980030Z remote: Counting objects:  17% (48/280)        
build	Checkout	2025-09-24T21:51:30.9981346Z remote: Counting objects:  18% (51/280)        
build	Checkout	2025-09-24T21:51:30.9982923Z remote: Counting objects:  19% (54/280)        
build	Checkout	2025-09-24T21:51:30.9984100Z remote: Counting objects:  20% (56/280)        
build	Checkout	2025-09-24T21:51:30.9985236Z remote: Counting objects:  21% (59/280)        
build	Checkout	2025-09-24T21:51:30.9986816Z remote: Counting objects:  22% (62/280)        
build	Checkout	2025-09-24T21:51:30.9988739Z remote: Counting objects:  23% (65/280)        
build	Checkout	2025-09-24T21:51:30.9989993Z remote: Counting objects:  24% (68/280)        
build	Checkout	2025-09-24T21:51:30.9991140Z remote: Counting objects:  25% (70/280)        
build	Checkout	2025-09-24T21:51:30.9992501Z remote: Counting objects:  26% (73/280)        
build	Checkout	2025-09-24T21:51:30.9994023Z remote: Counting objects:  27% (76/280)        
build	Checkout	2025-09-24T21:51:30.9995206Z remote: Counting objects:  28% (79/280)        
build	Checkout	2025-09-24T21:51:30.9996351Z remote: Counting objects:  29% (82/280)        
build	Checkout	2025-09-24T21:51:30.9997488Z remote: Counting objects:  30% (84/280)        
build	Checkout	2025-09-24T21:51:30.9998952Z remote: Counting objects:  31% (87/280)        
build	Checkout	2025-09-24T21:51:31.0000109Z remote: Counting objects:  32% (90/280)        
build	Checkout	2025-09-24T21:51:31.0001241Z remote: Counting objects:  33% (93/280)        
build	Checkout	2025-09-24T21:51:31.0002410Z remote: Counting objects:  34% (96/280)        
build	Checkout	2025-09-24T21:51:31.0004058Z remote: Counting objects:  35% (98/280)        
build	Checkout	2025-09-24T21:51:31.0005715Z remote: Counting objects:  36% (101/280)        
build	Checkout	2025-09-24T21:51:31.0007089Z remote: Counting objects:  37% (104/280)        
build	Checkout	2025-09-24T21:51:31.0009051Z remote: Counting objects:  38% (107/280)        
build	Checkout	2025-09-24T21:51:31.0010838Z remote: Counting objects:  39% (110/280)        
build	Checkout	2025-09-24T21:51:31.0012039Z remote: Counting objects:  40% (112/280)        
build	Checkout	2025-09-24T21:51:31.0013730Z remote: Counting objects:  41% (115/280)        
build	Checkout	2025-09-24T21:51:31.0015384Z remote: Counting objects:  42% (118/280)        
build	Checkout	2025-09-24T21:51:31.0016578Z remote: Counting objects:  43% (121/280)        
build	Checkout	2025-09-24T21:51:31.0017742Z remote: Counting objects:  44% (124/280)        
build	Checkout	2025-09-24T21:51:31.0019148Z remote: Counting objects:  45% (126/280)        
build	Checkout	2025-09-24T21:51:31.0020303Z remote: Counting objects:  46% (129/280)        
build	Checkout	2025-09-24T21:51:31.0021447Z remote: Counting objects:  47% (132/280)        
build	Checkout	2025-09-24T21:51:31.0022608Z remote: Counting objects:  48% (135/280)        
build	Checkout	2025-09-24T21:51:31.0024074Z remote: Counting objects:  49% (138/280)        
build	Checkout	2025-09-24T21:51:31.0026310Z remote: Counting objects:  50% (140/280)        
build	Checkout	2025-09-24T21:51:31.0027859Z remote: Counting objects:  51% (143/280)        
build	Checkout	2025-09-24T21:51:31.0029234Z remote: Counting objects:  52% (146/280)        
build	Checkout	2025-09-24T21:51:31.0030975Z remote: Counting objects:  53% (149/280)        
build	Checkout	2025-09-24T21:51:31.0032186Z remote: Counting objects:  54% (152/280)        
build	Checkout	2025-09-24T21:51:31.0033337Z remote: Counting objects:  55% (154/280)        
build	Checkout	2025-09-24T21:51:31.0034592Z remote: Counting objects:  56% (157/280)        
build	Checkout	2025-09-24T21:51:31.0036527Z remote: Counting objects:  57% (160/280)        
build	Checkout	2025-09-24T21:51:31.0037746Z remote: Counting objects:  58% (163/280)        
build	Checkout	2025-09-24T21:51:31.0039044Z remote: Counting objects:  59% (166/280)        
build	Checkout	2025-09-24T21:51:31.0040203Z remote: Counting objects:  60% (168/280)        
build	Checkout	2025-09-24T21:51:31.0041846Z remote: Counting objects:  61% (171/280)        
build	Checkout	2025-09-24T21:51:31.0043193Z remote: Counting objects:  62% (174/280)        
build	Checkout	2025-09-24T21:51:31.0045026Z remote: Counting objects:  63% (177/280)        
build	Checkout	2025-09-24T21:51:31.0046613Z remote: Counting objects:  64% (180/280)        
build	Checkout	2025-09-24T21:51:31.0048066Z remote: Counting objects:  65% (182/280)        
build	Checkout	2025-09-24T21:51:31.0049755Z remote: Counting objects:  66% (185/280)        
build	Checkout	2025-09-24T21:51:31.0051204Z remote: Counting objects:  67% (188/280)        
build	Checkout	2025-09-24T21:51:31.0052687Z remote: Counting objects:  68% (191/280)        
build	Checkout	2025-09-24T21:51:31.0054350Z remote: Counting objects:  69% (194/280)        
build	Checkout	2025-09-24T21:51:31.0055805Z remote: Counting objects:  70% (196/280)        
build	Checkout	2025-09-24T21:51:31.0057251Z remote: Counting objects:  71% (199/280)        
build	Checkout	2025-09-24T21:51:31.0059185Z remote: Counting objects:  72% (202/280)        
build	Checkout	2025-09-24T21:51:31.0060797Z remote: Counting objects:  73% (205/280)        
build	Checkout	2025-09-24T21:51:31.0062492Z remote: Counting objects:  74% (208/280)        
build	Checkout	2025-09-24T21:51:31.0063982Z remote: Counting objects:  75% (210/280)        
build	Checkout	2025-09-24T21:51:31.0065885Z remote: Counting objects:  76% (213/280)        
build	Checkout	2025-09-24T21:51:31.0067376Z remote: Counting objects:  77% (216/280)        
build	Checkout	2025-09-24T21:51:31.0068768Z remote: Counting objects:  78% (219/280)        
build	Checkout	2025-09-24T21:51:31.0069944Z remote: Counting objects:  79% (222/280)        
build	Checkout	2025-09-24T21:51:31.0071084Z remote: Counting objects:  80% (224/280)        
build	Checkout	2025-09-24T21:51:31.0072233Z remote: Counting objects:  81% (227/280)        
build	Checkout	2025-09-24T21:51:31.0073364Z remote: Counting objects:  82% (230/280)        
build	Checkout	2025-09-24T21:51:31.0074508Z remote: Counting objects:  83% (233/280)        
build	Checkout	2025-09-24T21:51:31.0075634Z remote: Counting objects:  84% (236/280)        
build	Checkout	2025-09-24T21:51:31.0076771Z remote: Counting objects:  85% (238/280)        
build	Checkout	2025-09-24T21:51:31.0077903Z remote: Counting objects:  86% (241/280)        
build	Checkout	2025-09-24T21:51:31.0079312Z remote: Counting objects:  87% (244/280)        
build	Checkout	2025-09-24T21:51:31.0080777Z remote: Counting objects:  88% (247/280)        
build	Checkout	2025-09-24T21:51:31.0081938Z remote: Counting objects:  89% (250/280)        
build	Checkout	2025-09-24T21:51:31.0083099Z remote: Counting objects:  90% (252/280)        
build	Checkout	2025-09-24T21:51:31.0084234Z remote: Counting objects:  91% (255/280)        
build	Checkout	2025-09-24T21:51:31.0085384Z remote: Counting objects:  92% (258/280)        
build	Checkout	2025-09-24T21:51:31.0086512Z remote: Counting objects:  93% (261/280)        
build	Checkout	2025-09-24T21:51:31.0087652Z remote: Counting objects:  94% (264/280)        
build	Checkout	2025-09-24T21:51:31.0088921Z remote: Counting objects:  95% (266/280)        
build	Checkout	2025-09-24T21:51:31.0090075Z remote: Counting objects:  96% (269/280)        
build	Checkout	2025-09-24T21:51:31.0091219Z remote: Counting objects:  97% (272/280)        
build	Checkout	2025-09-24T21:51:31.0092362Z remote: Counting objects:  98% (275/280)        
build	Checkout	2025-09-24T21:51:31.0093513Z remote: Counting objects:  99% (278/280)        
build	Checkout	2025-09-24T21:51:31.0094649Z remote: Counting objects: 100% (280/280)        
build	Checkout	2025-09-24T21:51:31.0096094Z remote: Counting objects: 100% (280/280), done.        
build	Checkout	2025-09-24T21:51:31.0097313Z remote: Compressing objects:   0% (1/224)        
build	Checkout	2025-09-24T21:51:31.0098588Z remote: Compressing objects:   1% (3/224)        
build	Checkout	2025-09-24T21:51:31.0099786Z remote: Compressing objects:   2% (5/224)        
build	Checkout	2025-09-24T21:51:31.0100946Z remote: Compressing objects:   3% (7/224)        
build	Checkout	2025-09-24T21:51:31.0102106Z remote: Compressing objects:   4% (9/224)        
build	Checkout	2025-09-24T21:51:31.0103269Z remote: Compressing objects:   5% (12/224)        
build	Checkout	2025-09-24T21:51:31.0104547Z remote: Compressing objects:   6% (14/224)        
build	Checkout	2025-09-24T21:51:31.0105727Z remote: Compressing objects:   7% (16/224)        
build	Checkout	2025-09-24T21:51:31.0107370Z remote: Compressing objects:   8% (18/224)        
build	Checkout	2025-09-24T21:51:31.0109509Z remote: Compressing objects:   9% (21/224)        
build	Checkout	2025-09-24T21:51:31.0110719Z remote: Compressing objects:  10% (23/224)        
build	Checkout	2025-09-24T21:51:31.0111883Z remote: Compressing objects:  11% (25/224)        
build	Checkout	2025-09-24T21:51:31.0113108Z remote: Compressing objects:  12% (27/224)        
build	Checkout	2025-09-24T21:51:31.0114297Z remote: Compressing objects:  13% (30/224)        
build	Checkout	2025-09-24T21:51:31.0115451Z remote: Compressing objects:  14% (32/224)        
build	Checkout	2025-09-24T21:51:31.0116995Z remote: Compressing objects:  15% (34/224)        
build	Checkout	2025-09-24T21:51:31.0119212Z remote: Compressing objects:  16% (36/224)        
build	Checkout	2025-09-24T21:51:31.0120425Z remote: Compressing objects:  17% (39/224)        
build	Checkout	2025-09-24T21:51:31.0121579Z remote: Compressing objects:  18% (41/224)        
build	Checkout	2025-09-24T21:51:31.0122731Z remote: Compressing objects:  19% (43/224)        
build	Checkout	2025-09-24T21:51:31.0123907Z remote: Compressing objects:  20% (45/224)        
build	Checkout	2025-09-24T21:51:31.0125340Z remote: Compressing objects:  21% (48/224)        
build	Checkout	2025-09-24T21:51:31.0126525Z remote: Compressing objects:  22% (50/224)        
build	Checkout	2025-09-24T21:51:31.0127686Z remote: Compressing objects:  23% (52/224)        
build	Checkout	2025-09-24T21:51:31.0129043Z remote: Compressing objects:  24% (54/224)        
build	Checkout	2025-09-24T21:51:31.0130470Z remote: Compressing objects:  25% (56/224)        
build	Checkout	2025-09-24T21:51:31.0131639Z remote: Compressing objects:  26% (59/224)        
build	Checkout	2025-09-24T21:51:31.0132808Z remote: Compressing objects:  27% (61/224)        
build	Checkout	2025-09-24T21:51:31.0133962Z remote: Compressing objects:  28% (63/224)        
build	Checkout	2025-09-24T21:51:31.0135123Z remote: Compressing objects:  29% (65/224)        
build	Checkout	2025-09-24T21:51:31.0136286Z remote: Compressing objects:  30% (68/224)        
build	Checkout	2025-09-24T21:51:31.0137444Z remote: Compressing objects:  31% (70/224)        
build	Checkout	2025-09-24T21:51:31.0138721Z remote: Compressing objects:  32% (72/224)        
build	Checkout	2025-09-24T21:51:31.0139882Z remote: Compressing objects:  33% (74/224)        
build	Checkout	2025-09-24T21:51:31.0141043Z remote: Compressing objects:  34% (77/224)        
build	Checkout	2025-09-24T21:51:31.0142193Z remote: Compressing objects:  35% (79/224)        
build	Checkout	2025-09-24T21:51:31.0143459Z remote: Compressing objects:  36% (81/224)        
build	Checkout	2025-09-24T21:51:31.0144813Z remote: Compressing objects:  37% (83/224)        
build	Checkout	2025-09-24T21:51:31.0146014Z remote: Compressing objects:  38% (86/224)        
build	Checkout	2025-09-24T21:51:31.0147180Z remote: Compressing objects:  39% (88/224)        
build	Checkout	2025-09-24T21:51:31.0148551Z remote: Compressing objects:  40% (90/224)        
build	Checkout	2025-09-24T21:51:31.0149743Z remote: Compressing objects:  41% (92/224)        
build	Checkout	2025-09-24T21:51:31.0150901Z remote: Compressing objects:  42% (95/224)        
build	Checkout	2025-09-24T21:51:31.0152060Z remote: Compressing objects:  43% (97/224)        
build	Checkout	2025-09-24T21:51:31.0153213Z remote: Compressing objects:  44% (99/224)        
build	Checkout	2025-09-24T21:51:31.0154407Z remote: Compressing objects:  45% (101/224)        
build	Checkout	2025-09-24T21:51:31.0155562Z remote: Compressing objects:  46% (104/224)        
build	Checkout	2025-09-24T21:51:31.0156717Z remote: Compressing objects:  47% (106/224)        
build	Checkout	2025-09-24T21:51:31.0157877Z remote: Compressing objects:  48% (108/224)        
build	Checkout	2025-09-24T21:51:31.0159289Z remote: Compressing objects:  49% (110/224)        
build	Checkout	2025-09-24T21:51:31.0160690Z remote: Compressing objects:  50% (112/224)        
build	Checkout	2025-09-24T21:51:31.0161858Z remote: Compressing objects:  51% (115/224)        
build	Checkout	2025-09-24T21:51:31.0163035Z remote: Compressing objects:  52% (117/224)        
build	Checkout	2025-09-24T21:51:31.0164240Z remote: Compressing objects:  53% (119/224)        
build	Checkout	2025-09-24T21:51:31.0165396Z remote: Compressing objects:  54% (121/224)        
build	Checkout	2025-09-24T21:51:31.0166553Z remote: Compressing objects:  55% (124/224)        
build	Checkout	2025-09-24T21:51:31.0167690Z remote: Compressing objects:  56% (126/224)        
build	Checkout	2025-09-24T21:51:31.0169038Z remote: Compressing objects:  57% (128/224)        
build	Checkout	2025-09-24T21:51:31.0170260Z remote: Compressing objects:  58% (130/224)        
build	Checkout	2025-09-24T21:51:31.0171414Z remote: Compressing objects:  59% (133/224)        
build	Checkout	2025-09-24T21:51:31.0172584Z remote: Compressing objects:  60% (135/224)        
build	Checkout	2025-09-24T21:51:31.0173741Z remote: Compressing objects:  61% (137/224)        
build	Checkout	2025-09-24T21:51:31.0174894Z remote: Compressing objects:  62% (139/224)        
build	Checkout	2025-09-24T21:51:31.0176081Z remote: Compressing objects:  63% (142/224)        
build	Checkout	2025-09-24T21:51:31.0463937Z remote: Compressing objects:  64% (144/224)        
build	Checkout	2025-09-24T21:51:31.0465737Z remote: Compressing objects:  65% (146/224)        
build	Checkout	2025-09-24T21:51:31.0467338Z remote: Compressing objects:  66% (148/224)        
build	Checkout	2025-09-24T21:51:31.0472551Z remote: Compressing objects:  67% (151/224)        
build	Checkout	2025-09-24T21:51:31.0478815Z remote: Compressing objects:  68% (153/224)        
build	Checkout	2025-09-24T21:51:31.0480225Z remote: Compressing objects:  69% (155/224)        
build	Checkout	2025-09-24T21:51:31.0481496Z remote: Compressing objects:  70% (157/224)        
build	Checkout	2025-09-24T21:51:31.0486663Z remote: Compressing objects:  71% (160/224)        
build	Checkout	2025-09-24T21:51:31.0488910Z remote: Compressing objects:  72% (162/224)        
build	Checkout	2025-09-24T21:51:31.0490921Z remote: Compressing objects:  73% (164/224)        
build	Checkout	2025-09-24T21:51:31.0493019Z remote: Compressing objects:  74% (166/224)        
build	Checkout	2025-09-24T21:51:31.0495138Z remote: Compressing objects:  75% (168/224)        
build	Checkout	2025-09-24T21:51:31.0497808Z remote: Compressing objects:  76% (171/224)        
build	Checkout	2025-09-24T21:51:31.0499340Z remote: Compressing objects:  77% (173/224)        
build	Checkout	2025-09-24T21:51:31.0500533Z remote: Compressing objects:  78% (175/224)        
build	Checkout	2025-09-24T21:51:31.0501691Z remote: Compressing objects:  79% (177/224)        
build	Checkout	2025-09-24T21:51:31.0502859Z remote: Compressing objects:  80% (180/224)        
build	Checkout	2025-09-24T21:51:31.0504024Z remote: Compressing objects:  81% (182/224)        
build	Checkout	2025-09-24T21:51:31.0505185Z remote: Compressing objects:  82% (184/224)        
build	Checkout	2025-09-24T21:51:31.0506336Z remote: Compressing objects:  83% (186/224)        
build	Checkout	2025-09-24T21:51:31.0579631Z remote: Compressing objects:  84% (189/224)        
build	Checkout	2025-09-24T21:51:31.0582311Z remote: Compressing objects:  85% (191/224)        
build	Checkout	2025-09-24T21:51:31.0584576Z remote: Compressing objects:  86% (193/224)        
build	Checkout	2025-09-24T21:51:31.0586340Z remote: Compressing objects:  87% (195/224)        
build	Checkout	2025-09-24T21:51:31.0587647Z remote: Compressing objects:  88% (198/224)        
build	Checkout	2025-09-24T21:51:31.0589074Z remote: Compressing objects:  89% (200/224)        
build	Checkout	2025-09-24T21:51:31.0590243Z remote: Compressing objects:  90% (202/224)        
build	Checkout	2025-09-24T21:51:31.0591400Z remote: Compressing objects:  91% (204/224)        
build	Checkout	2025-09-24T21:51:31.0592552Z remote: Compressing objects:  92% (207/224)        
build	Checkout	2025-09-24T21:51:31.0593728Z remote: Compressing objects:  93% (209/224)        
build	Checkout	2025-09-24T21:51:31.0594911Z remote: Compressing objects:  94% (211/224)        
build	Checkout	2025-09-24T21:51:31.0596131Z remote: Compressing objects:  95% (213/224)        
build	Checkout	2025-09-24T21:51:31.0598052Z remote: Compressing objects:  96% (216/224)        
build	Checkout	2025-09-24T21:51:31.0600094Z remote: Compressing objects:  97% (218/224)        
build	Checkout	2025-09-24T21:51:31.0601318Z remote: Compressing objects:  98% (220/224)        
build	Checkout	2025-09-24T21:51:31.0602747Z remote: Compressing objects:  99% (222/224)        
build	Checkout	2025-09-24T21:51:31.0604585Z remote: Compressing objects: 100% (224/224)        
build	Checkout	2025-09-24T21:51:31.0606305Z remote: Compressing objects: 100% (224/224), done.        
build	Checkout	2025-09-24T21:51:31.0607475Z Receiving objects:   0% (1/280)
build	Checkout	2025-09-24T21:51:31.0608771Z Receiving objects:   1% (3/280)
build	Checkout	2025-09-24T21:51:31.0609716Z Receiving objects:   2% (6/280)
build	Checkout	2025-09-24T21:51:31.0610620Z Receiving objects:   3% (9/280)
build	Checkout	2025-09-24T21:51:31.0611515Z Receiving objects:   4% (12/280)
build	Checkout	2025-09-24T21:51:31.0612438Z Receiving objects:   5% (14/280)
build	Checkout	2025-09-24T21:51:31.0613363Z Receiving objects:   6% (17/280)
build	Checkout	2025-09-24T21:51:31.0614284Z Receiving objects:   7% (20/280)
build	Checkout	2025-09-24T21:51:31.0615205Z Receiving objects:   8% (23/280)
build	Checkout	2025-09-24T21:51:31.0616137Z Receiving objects:   9% (26/280)
build	Checkout	2025-09-24T21:51:31.0617048Z Receiving objects:  10% (28/280)
build	Checkout	2025-09-24T21:51:31.0617971Z Receiving objects:  11% (31/280)
build	Checkout	2025-09-24T21:51:31.0619054Z Receiving objects:  12% (34/280)
build	Checkout	2025-09-24T21:51:31.0619980Z Receiving objects:  13% (37/280)
build	Checkout	2025-09-24T21:51:31.0620901Z Receiving objects:  14% (40/280)
build	Checkout	2025-09-24T21:51:31.0621849Z Receiving objects:  15% (42/280)
build	Checkout	2025-09-24T21:51:31.0622771Z Receiving objects:  16% (45/280)
build	Checkout	2025-09-24T21:51:31.0623683Z Receiving objects:  17% (48/280)
build	Checkout	2025-09-24T21:51:31.0624603Z Receiving objects:  18% (51/280)
build	Checkout	2025-09-24T21:51:31.0625514Z Receiving objects:  19% (54/280)
build	Checkout	2025-09-24T21:51:31.0626420Z Receiving objects:  20% (56/280)
build	Checkout	2025-09-24T21:51:31.0627326Z Receiving objects:  21% (59/280)
build	Checkout	2025-09-24T21:51:31.0628888Z Receiving objects:  22% (62/280)
build	Checkout	2025-09-24T21:51:31.0629904Z Receiving objects:  23% (65/280)
build	Checkout	2025-09-24T21:51:31.0630830Z Receiving objects:  24% (68/280)
build	Checkout	2025-09-24T21:51:31.0631757Z Receiving objects:  25% (70/280)
build	Checkout	2025-09-24T21:51:31.0632677Z Receiving objects:  26% (73/280)
build	Checkout	2025-09-24T21:51:31.0633601Z Receiving objects:  27% (76/280)
build	Checkout	2025-09-24T21:51:31.0661934Z Receiving objects:  28% (79/280)
build	Checkout	2025-09-24T21:51:31.0663028Z Receiving objects:  29% (82/280)
build	Checkout	2025-09-24T21:51:31.1407175Z Receiving objects:  30% (84/280)
build	Checkout	2025-09-24T21:51:31.1493051Z Receiving objects:  31% (87/280)
build	Checkout	2025-09-24T21:51:31.1826031Z Receiving objects:  32% (90/280)
build	Checkout	2025-09-24T21:51:31.1827731Z Receiving objects:  33% (93/280)
build	Checkout	2025-09-24T21:51:31.1829839Z Receiving objects:  34% (96/280)
build	Checkout	2025-09-24T21:51:31.1831617Z Receiving objects:  35% (98/280)
build	Checkout	2025-09-24T21:51:31.1833390Z Receiving objects:  36% (101/280)
build	Checkout	2025-09-24T21:51:31.1834978Z Receiving objects:  37% (104/280)
build	Checkout	2025-09-24T21:51:31.1836106Z Receiving objects:  38% (107/280)
build	Checkout	2025-09-24T21:51:31.1837053Z Receiving objects:  39% (110/280)
build	Checkout	2025-09-24T21:51:31.1837995Z Receiving objects:  40% (112/280)
build	Checkout	2025-09-24T21:51:31.1839085Z Receiving objects:  41% (115/280)
build	Checkout	2025-09-24T21:51:31.2010048Z Receiving objects:  42% (118/280)
build	Checkout	2025-09-24T21:51:31.2011740Z Receiving objects:  43% (121/280)
build	Checkout	2025-09-24T21:51:31.2012775Z Receiving objects:  44% (124/280)
build	Checkout	2025-09-24T21:51:31.7951457Z Receiving objects:  45% (126/280)
build	Checkout	2025-09-24T21:51:31.7953533Z Receiving objects:  46% (129/280), 11.55 MiB | 23.10 MiB/s
build	Checkout	2025-09-24T21:51:31.7954307Z Receiving objects:  47% (132/280), 11.55 MiB | 23.10 MiB/s
build	Checkout	2025-09-24T21:51:31.7954980Z Receiving objects:  48% (135/280), 11.55 MiB | 23.10 MiB/s
build	Checkout	2025-09-24T21:51:31.7955574Z Receiving objects:  49% (138/280), 11.55 MiB | 23.10 MiB/s
build	Checkout	2025-09-24T21:51:31.7956901Z Receiving objects:  50% (140/280), 11.55 MiB | 23.10 MiB/s
build	Checkout	2025-09-24T21:51:31.7961022Z Receiving objects:  51% (143/280), 11.55 MiB | 23.10 MiB/s
build	Checkout	2025-09-24T21:51:31.7962371Z Receiving objects:  52% (146/280), 11.55 MiB | 23.10 MiB/s
build	Checkout	2025-09-24T21:51:31.7963558Z Receiving objects:  53% (149/280), 11.55 MiB | 23.10 MiB/s
build	Checkout	2025-09-24T21:51:31.7964801Z Receiving objects:  54% (152/280), 11.55 MiB | 23.10 MiB/s
build	Checkout	2025-09-24T21:51:31.7967600Z Receiving objects:  55% (154/280), 11.55 MiB | 23.10 MiB/s
build	Checkout	2025-09-24T21:51:31.7969216Z Receiving objects:  56% (157/280), 11.55 MiB | 23.10 MiB/s
build	Checkout	2025-09-24T21:51:31.7970099Z Receiving objects:  57% (160/280), 11.55 MiB | 23.10 MiB/s
build	Checkout	2025-09-24T21:51:31.7971513Z Receiving objects:  58% (163/280), 11.55 MiB | 23.10 MiB/s
build	Checkout	2025-09-24T21:51:31.7972593Z Receiving objects:  59% (166/280), 11.55 MiB | 23.10 MiB/s
build	Checkout	2025-09-24T21:51:31.7973378Z Receiving objects:  60% (168/280), 11.55 MiB | 23.10 MiB/s
build	Checkout	2025-09-24T21:51:31.7974926Z Receiving objects:  61% (171/280), 11.55 MiB | 23.10 MiB/s
build	Checkout	2025-09-24T21:51:31.7975700Z Receiving objects:  62% (174/280), 11.55 MiB | 23.10 MiB/s
build	Checkout	2025-09-24T21:51:31.7976931Z Receiving objects:  63% (177/280), 11.55 MiB | 23.10 MiB/s
build	Checkout	2025-09-24T21:51:31.7977686Z Receiving objects:  64% (180/280), 11.55 MiB | 23.10 MiB/s
build	Checkout	2025-09-24T21:51:31.7978431Z Receiving objects:  65% (182/280), 11.55 MiB | 23.10 MiB/s
build	Checkout	2025-09-24T21:51:31.7979447Z Receiving objects:  66% (185/280), 11.55 MiB | 23.10 MiB/s
build	Checkout	2025-09-24T21:51:31.7980735Z Receiving objects:  67% (188/280), 11.55 MiB | 23.10 MiB/s
build	Checkout	2025-09-24T21:51:31.7983764Z Receiving objects:  68% (191/280), 11.55 MiB | 23.10 MiB/s
build	Checkout	2025-09-24T21:51:31.8007837Z Receiving objects:  69% (194/280), 11.55 MiB | 23.10 MiB/s
build	Checkout	2025-09-24T21:51:31.8021159Z Receiving objects:  70% (196/280), 11.55 MiB | 23.10 MiB/s
build	Checkout	2025-09-24T21:51:31.8024640Z Receiving objects:  71% (199/280), 11.55 MiB | 23.10 MiB/s
build	Checkout	2025-09-24T21:51:31.8026710Z Receiving objects:  72% (202/280), 11.55 MiB | 23.10 MiB/s
build	Checkout	2025-09-24T21:51:31.8090624Z Receiving objects:  73% (205/280), 11.55 MiB | 23.10 MiB/s
build	Checkout	2025-09-24T21:51:31.8098023Z Receiving objects:  74% (208/280), 11.55 MiB | 23.10 MiB/s
build	Checkout	2025-09-24T21:51:31.8104482Z Receiving objects:  75% (210/280), 11.55 MiB | 23.10 MiB/s
build	Checkout	2025-09-24T21:51:31.8297381Z Receiving objects:  76% (213/280), 11.55 MiB | 23.10 MiB/s
build	Checkout	2025-09-24T21:51:31.8298354Z Receiving objects:  77% (216/280), 11.55 MiB | 23.10 MiB/s
build	Checkout	2025-09-24T21:51:31.8299146Z remote: Total 280 (delta 41), reused 207 (delta 30), pack-reused 0 (from 0)        
build	Checkout	2025-09-24T21:51:31.8304633Z Receiving objects:  78% (219/280), 11.55 MiB | 23.10 MiB/s
build	Checkout	2025-09-24T21:51:31.8305341Z Receiving objects:  79% (222/280), 11.55 MiB | 23.10 MiB/s
build	Checkout	2025-09-24T21:51:31.8306001Z Receiving objects:  80% (224/280), 11.55 MiB | 23.10 MiB/s
build	Checkout	2025-09-24T21:51:31.8307213Z Receiving objects:  81% (227/280), 11.55 MiB | 23.10 MiB/s
build	Checkout	2025-09-24T21:51:31.8308125Z Receiving objects:  82% (230/280), 11.55 MiB | 23.10 MiB/s
build	Checkout	2025-09-24T21:51:31.8309170Z Receiving objects:  83% (233/280), 11.55 MiB | 23.10 MiB/s
build	Checkout	2025-09-24T21:51:31.8310754Z Receiving objects:  84% (236/280), 11.55 MiB | 23.10 MiB/s
build	Checkout	2025-09-24T21:51:31.8311508Z Receiving objects:  85% (238/280), 11.55 MiB | 23.10 MiB/s
build	Checkout	2025-09-24T21:51:31.8312250Z Receiving objects:  86% (241/280), 11.55 MiB | 23.10 MiB/s
build	Checkout	2025-09-24T21:51:31.8312990Z Receiving objects:  87% (244/280), 11.55 MiB | 23.10 MiB/s
build	Checkout	2025-09-24T21:51:31.8313753Z Receiving objects:  88% (247/280), 11.55 MiB | 23.10 MiB/s
build	Checkout	2025-09-24T21:51:31.8314395Z Receiving objects:  89% (250/280), 11.55 MiB | 23.10 MiB/s
build	Checkout	2025-09-24T21:51:31.8315124Z Receiving objects:  90% (252/280), 11.55 MiB | 23.10 MiB/s
build	Checkout	2025-09-24T21:51:31.8315880Z Receiving objects:  91% (255/280), 11.55 MiB | 23.10 MiB/s
build	Checkout	2025-09-24T21:51:31.8316653Z Receiving objects:  92% (258/280), 11.55 MiB | 23.10 MiB/s
build	Checkout	2025-09-24T21:51:31.8317123Z Receiving objects:  93% (261/280), 11.55 MiB | 23.10 MiB/s
build	Checkout	2025-09-24T21:51:31.8317501Z Receiving objects:  94% (264/280), 11.55 MiB | 23.10 MiB/s
build	Checkout	2025-09-24T21:51:31.8317881Z Receiving objects:  95% (266/280), 11.55 MiB | 23.10 MiB/s
build	Checkout	2025-09-24T21:51:31.8318490Z Receiving objects:  96% (269/280), 11.55 MiB | 23.10 MiB/s
build	Checkout	2025-09-24T21:51:31.8320538Z Receiving objects:  97% (272/280), 11.55 MiB | 23.10 MiB/s
build	Checkout	2025-09-24T21:51:31.8321471Z Receiving objects:  98% (275/280), 11.55 MiB | 23.10 MiB/s
build	Checkout	2025-09-24T21:51:31.8323959Z Receiving objects:  99% (278/280), 11.55 MiB | 23.10 MiB/s
build	Checkout	2025-09-24T21:51:31.8324714Z Receiving objects: 100% (280/280), 11.55 MiB | 23.10 MiB/s
build	Checkout	2025-09-24T21:51:31.8325446Z Receiving objects: 100% (280/280), 27.41 MiB | 35.30 MiB/s, done.
build	Checkout	2025-09-24T21:51:31.8327721Z Resolving deltas:   0% (0/41)
build	Checkout	2025-09-24T21:51:31.8328711Z Resolving deltas:   2% (1/41)
build	Checkout	2025-09-24T21:51:31.8329877Z Resolving deltas:   4% (2/41)
build	Checkout	2025-09-24T21:51:31.8330995Z Resolving deltas:   7% (3/41)
build	Checkout	2025-09-24T21:51:31.8331677Z Resolving deltas:   9% (4/41)
build	Checkout	2025-09-24T21:51:31.8332889Z Resolving deltas:  12% (5/41)
build	Checkout	2025-09-24T21:51:31.8333768Z Resolving deltas:  14% (6/41)
build	Checkout	2025-09-24T21:51:31.8334428Z Resolving deltas:  17% (7/41)
build	Checkout	2025-09-24T21:51:31.8335072Z Resolving deltas:  19% (8/41)
build	Checkout	2025-09-24T21:51:31.8336544Z Resolving deltas:  21% (9/41)
build	Checkout	2025-09-24T21:51:31.8337043Z Resolving deltas:  24% (10/41)
build	Checkout	2025-09-24T21:51:31.8337504Z Resolving deltas:  26% (11/41)
build	Checkout	2025-09-24T21:51:31.8358335Z Resolving deltas:  29% (12/41)
build	Checkout	2025-09-24T21:51:31.8366415Z Resolving deltas:  31% (13/41)
build	Checkout	2025-09-24T21:51:31.8372771Z Resolving deltas:  34% (14/41)
build	Checkout	2025-09-24T21:51:31.8377633Z Resolving deltas:  36% (15/41)
build	Checkout	2025-09-24T21:51:31.8383096Z Resolving deltas:  39% (16/41)
build	Checkout	2025-09-24T21:51:31.8388579Z Resolving deltas:  41% (17/41)
build	Checkout	2025-09-24T21:51:31.8390249Z Resolving deltas:  43% (18/41)
build	Checkout	2025-09-24T21:51:31.8391683Z Resolving deltas:  46% (19/41)
build	Checkout	2025-09-24T21:51:31.8392261Z Resolving deltas:  48% (20/41)
build	Checkout	2025-09-24T21:51:31.8393686Z Resolving deltas:  51% (21/41)
build	Checkout	2025-09-24T21:51:31.8394395Z Resolving deltas:  53% (22/41)
build	Checkout	2025-09-24T21:51:31.8395639Z Resolving deltas:  56% (23/41)
build	Checkout	2025-09-24T21:51:31.8396047Z Resolving deltas:  58% (24/41)
build	Checkout	2025-09-24T21:51:31.8396326Z Resolving deltas:  60% (25/41)
build	Checkout	2025-09-24T21:51:31.8396605Z Resolving deltas:  63% (26/41)
build	Checkout	2025-09-24T21:51:31.8396876Z Resolving deltas:  65% (27/41)
build	Checkout	2025-09-24T21:51:31.8397136Z Resolving deltas:  68% (28/41)
build	Checkout	2025-09-24T21:51:31.8397394Z Resolving deltas:  70% (29/41)
build	Checkout	2025-09-24T21:51:31.8643325Z Resolving deltas:  73% (30/41)
build	Checkout	2025-09-24T21:51:31.8663143Z Resolving deltas:  75% (31/41)
build	Checkout	2025-09-24T21:51:31.8690099Z Resolving deltas:  78% (32/41)
build	Checkout	2025-09-24T21:51:31.8702185Z Resolving deltas:  80% (33/41)
build	Checkout	2025-09-24T21:51:31.8711387Z Resolving deltas:  82% (34/41)
build	Checkout	2025-09-24T21:51:31.8719257Z Resolving deltas:  85% (35/41)
build	Checkout	2025-09-24T21:51:31.8845554Z Resolving deltas:  87% (36/41)
build	Checkout	2025-09-24T21:51:31.8930726Z Resolving deltas:  90% (37/41)
build	Checkout	2025-09-24T21:51:31.9000483Z Resolving deltas:  92% (38/41)
build	Checkout	2025-09-24T21:51:31.9019116Z Resolving deltas:  95% (39/41)
build	Checkout	2025-09-24T21:51:31.9039045Z Resolving deltas:  97% (40/41)
build	Checkout	2025-09-24T21:51:31.9040009Z Resolving deltas: 100% (41/41)
build	Checkout	2025-09-24T21:51:31.9041400Z Resolving deltas: 100% (41/41), done.
build	Checkout	2025-09-24T21:51:31.9219986Z From https://github.com/luccidnz/hold_that_thought
build	Checkout	2025-09-24T21:51:31.9253174Z  * [new ref]         2f044094851e321a5deb0663ebf53183b39c185b -> pull/3/merge
build	Checkout	2025-09-24T21:51:31.9254725Z ##[endgroup]
build	Checkout	2025-09-24T21:51:31.9255138Z ##[group]Determining the checkout info
build	Checkout	2025-09-24T21:51:31.9256094Z ##[endgroup]
build	Checkout	2025-09-24T21:51:31.9256697Z ##[group]Checking out the ref
build	Checkout	2025-09-24T21:51:31.9260724Z [command]/usr/bin/git checkout --progress --force refs/remotes/pull/3/merge
build	Checkout	2025-09-24T21:51:32.2299035Z Note: switching to 'refs/remotes/pull/3/merge'.
build	Checkout	2025-09-24T21:51:32.2299897Z 
build	Checkout	2025-09-24T21:51:32.2300693Z You are in 'detached HEAD' state. You can look around, make experimental
build	Checkout	2025-09-24T21:51:32.2301768Z changes and commit them, and you can discard any commits you make in this
build	Checkout	2025-09-24T21:51:32.2302715Z state without impacting any branches by switching back to a branch.
build	Checkout	2025-09-24T21:51:32.2303279Z 
build	Checkout	2025-09-24T21:51:32.2303651Z If you want to create a new branch to retain commits you create, you may
build	Checkout	2025-09-24T21:51:32.2304478Z do so (now or later) by using -c with the switch command. Example:
build	Checkout	2025-09-24T21:51:32.2304961Z 
build	Checkout	2025-09-24T21:51:32.2305220Z   git switch -c <new-branch-name>
build	Checkout	2025-09-24T21:51:32.2305568Z 
build	Checkout	2025-09-24T21:51:32.2305777Z Or undo this operation with:
build	Checkout	2025-09-24T21:51:32.2306081Z 
build	Checkout	2025-09-24T21:51:32.2306248Z   git switch -
build	Checkout	2025-09-24T21:51:32.2306515Z 
build	Checkout	2025-09-24T21:51:32.2306928Z Turn off this advice by setting config variable advice.detachedHead to false
build	Checkout	2025-09-24T21:51:32.2307490Z 
build	Checkout	2025-09-24T21:51:32.2308161Z HEAD is now at 2f04409 Merge 0522f8b19f0b10bcd3f69efd7b24115cdeb3c5f3 into f3fe53808c906bfcbbd83ef1b4c29c7225f35450
build	Checkout	2025-09-24T21:51:32.2324930Z ##[endgroup]
build	Checkout	2025-09-24T21:51:32.2368914Z [command]/usr/bin/git log -1 --format='%H'
build	Checkout	2025-09-24T21:51:32.2392451Z '2f044094851e321a5deb0663ebf53183b39c185b'
build	Setup Flutter	∩╗┐2025-09-24T21:51:32.2696442Z ##[group]Run subosito/flutter-action@v2
build	Setup Flutter	2025-09-24T21:51:32.2696814Z with:
build	Setup Flutter	2025-09-24T21:51:32.2697017Z   channel: stable
build	Setup Flutter	2025-09-24T21:51:32.2697248Z   architecture: X64
build	Setup Flutter	2025-09-24T21:51:32.2697466Z   cache: false
build	Setup Flutter	2025-09-24T21:51:32.2697688Z   pub-cache-path: default
build	Setup Flutter	2025-09-24T21:51:32.2697946Z   dry-run: false
build	Setup Flutter	2025-09-24T21:51:32.2698529Z   git-source: https://github.com/flutter/flutter.git
build	Setup Flutter	2025-09-24T21:51:32.2698880Z ##[endgroup]
build	Setup Flutter	2025-09-24T21:51:32.2803226Z ##[group]Run chmod +x "$GITHUB_ACTION_PATH/setup.sh"
build	Setup Flutter	2025-09-24T21:51:32.2803741Z [36;1mchmod +x "$GITHUB_ACTION_PATH/setup.sh"[0m
build	Setup Flutter	2025-09-24T21:51:32.2841834Z shell: /usr/bin/bash --noprofile --norc -e -o pipefail {0}
build	Setup Flutter	2025-09-24T21:51:32.2842235Z ##[endgroup]
build	Setup Flutter	2025-09-24T21:51:32.2989386Z ##[group]Run $GITHUB_ACTION_PATH/setup.sh -p \
build	Setup Flutter	2025-09-24T21:51:32.2989844Z [36;1m$GITHUB_ACTION_PATH/setup.sh -p \[0m
build	Setup Flutter	2025-09-24T21:51:32.2990138Z [36;1m  -n '' \[0m
build	Setup Flutter	2025-09-24T21:51:32.2990369Z [36;1m  -f '' \[0m
build	Setup Flutter	2025-09-24T21:51:32.2990583Z [36;1m  -a 'X64' \[0m
build	Setup Flutter	2025-09-24T21:51:32.2990837Z [36;1m  -k '' \[0m
build	Setup Flutter	2025-09-24T21:51:32.2991045Z [36;1m  -c '' \[0m
build	Setup Flutter	2025-09-24T21:51:32.2991266Z [36;1m  -l '' \[0m
build	Setup Flutter	2025-09-24T21:51:32.2991499Z [36;1m  -d 'default' \[0m
build	Setup Flutter	2025-09-24T21:51:32.2991831Z [36;1m  -g 'https://github.com/flutter/flutter.git' \[0m
build	Setup Flutter	2025-09-24T21:51:32.2992167Z [36;1m  stable[0m
build	Setup Flutter	2025-09-24T21:51:32.3026415Z shell: /usr/bin/bash --noprofile --norc -e -o pipefail {0}
build	Setup Flutter	2025-09-24T21:51:32.3026799Z ##[endgroup]
build	Setup Flutter	2025-09-24T21:51:32.4866446Z ##[group]Run $GITHUB_ACTION_PATH/setup.sh \
build	Setup Flutter	2025-09-24T21:51:32.4866855Z [36;1m$GITHUB_ACTION_PATH/setup.sh \[0m
build	Setup Flutter	2025-09-24T21:51:32.4867154Z [36;1m  -n '3.35.4' \[0m
build	Setup Flutter	2025-09-24T21:51:32.4867399Z [36;1m  -a 'x64' \[0m
build	Setup Flutter	2025-09-24T21:51:32.4867725Z [36;1m  -c '/opt/hostedtoolcache/flutter/stable-3.35.4-x64' \[0m
build	Setup Flutter	2025-09-24T21:51:32.4868507Z [36;1m  -d '/home/runner/.pub-cache' \[0m
build	Setup Flutter	2025-09-24T21:51:32.4868793Z [36;1m  stable[0m
build	Setup Flutter	2025-09-24T21:51:32.4902720Z shell: /usr/bin/bash --noprofile --norc -e -o pipefail {0}
build	Setup Flutter	2025-09-24T21:51:32.4903117Z ##[endgroup]
build	Setup Flutter	2025-09-24T21:51:32.6645533Z   % Total    % Received % Xferd  Average Speed   Time    Time     Time  Current
build	Setup Flutter	2025-09-24T21:51:32.6646481Z                                  Dload  Upload   Total   Spent    Left  Speed
build	Setup Flutter	2025-09-24T21:51:32.6646889Z 
build	Setup Flutter	2025-09-24T21:51:33.3916834Z   0     0    0     0    0     0      0      0 --:--:-- --:--:-- --:--:--     0
build	Setup Flutter	2025-09-24T21:51:34.3913971Z  12 1372M   12  168M    0     0   231M      0  0:00:05 --:--:--  0:00:05  231M
build	Setup Flutter	2025-09-24T21:51:35.3912006Z  32 1372M   32  449M    0     0   260M      0  0:00:05  0:00:01  0:00:04  260M
build	Setup Flutter	2025-09-24T21:51:36.3916923Z  52 1372M   52  726M    0     0   266M      0  0:00:05  0:00:02  0:00:03  266M
build	Setup Flutter	2025-09-24T21:51:37.3913042Z  74 1372M   74 1028M    0     0   275M      0  0:00:04  0:00:03  0:00:01  275M
build	Setup Flutter	2025-09-24T21:51:37.6893752Z  94 1372M   94 1292M    0     0   273M      0  0:00:05  0:00:04  0:00:01  273M
build	Setup Flutter	2025-09-24T21:51:37.6894484Z 100 1372M  100 1372M    0     0   273M      0  0:00:05  0:00:05 --:--:--  280M
build	Install dependencies	∩╗┐2025-09-24T21:52:27.5575903Z ##[group]Run flutter pub get
build	Install dependencies	2025-09-24T21:52:27.5576231Z [36;1mflutter pub get[0m
build	Install dependencies	2025-09-24T21:52:27.5612290Z shell: /usr/bin/bash -e {0}
build	Install dependencies	2025-09-24T21:52:27.5612545Z env:
build	Install dependencies	2025-09-24T21:52:27.5612800Z   FLUTTER_ROOT: /opt/hostedtoolcache/flutter/stable-3.35.4-x64
build	Install dependencies	2025-09-24T21:52:27.5613148Z   PUB_CACHE: /home/runner/.pub-cache
build	Install dependencies	2025-09-24T21:52:27.5613382Z ##[endgroup]
build	Install dependencies	2025-09-24T21:52:33.7166923Z Resolving dependencies...
build	Install dependencies	2025-09-24T21:52:35.3523390Z Downloading packages...
build	Install dependencies	2025-09-24T21:52:40.3750789Z + _fe_analyzer_shared 89.0.0
build	Install dependencies	2025-09-24T21:52:40.3751567Z + analyzer 8.2.0
build	Install dependencies	2025-09-24T21:52:40.3751908Z + app_links 6.4.1
build	Install dependencies	2025-09-24T21:52:40.3752244Z + app_links_linux 1.0.3
build	Install dependencies	2025-09-24T21:52:40.3752625Z + app_links_platform_interface 2.0.2
build	Install dependencies	2025-09-24T21:52:40.3753093Z + app_links_web 1.0.4
build	Install dependencies	2025-09-24T21:52:40.3753397Z + archive 4.0.7
build	Install dependencies	2025-09-24T21:52:40.3753695Z + argon2 1.0.1
build	Install dependencies	2025-09-24T21:52:40.3753959Z + args 2.7.0
build	Install dependencies	2025-09-24T21:52:40.3754229Z + async 2.13.0
build	Install dependencies	2025-09-24T21:52:40.3754529Z + boolean_selector 2.1.2
build	Install dependencies	2025-09-24T21:52:40.3754952Z + build 4.0.0
build	Install dependencies	2025-09-24T21:52:40.3755262Z + build_config 1.2.0
build	Install dependencies	2025-09-24T21:52:40.3755623Z + build_daemon 4.0.4
build	Install dependencies	2025-09-24T21:52:40.3755996Z + build_runner 2.8.0
build	Install dependencies	2025-09-24T21:52:40.3756324Z + built_collection 5.1.1
build	Install dependencies	2025-09-24T21:52:40.3756669Z + built_value 8.12.0
build	Install dependencies	2025-09-24T21:52:40.3757010Z + characters 1.4.0 (1.4.1 available)
build	Install dependencies	2025-09-24T21:52:40.3757451Z + checked_yaml 2.0.4
build	Install dependencies	2025-09-24T21:52:40.3759001Z + clock 1.1.2
build	Install dependencies	2025-09-24T21:52:40.3759423Z + code_builder 4.11.0
build	Install dependencies	2025-09-24T21:52:40.3759755Z + collection 1.19.1
build	Install dependencies	2025-09-24T21:52:40.3792735Z + connectivity_plus 6.1.5 (7.0.0 available)
build	Install dependencies	2025-09-24T21:52:40.3793284Z + connectivity_plus_platform_interface 2.0.1
build	Install dependencies	2025-09-24T21:52:40.3793690Z + convert 3.1.2
build	Install dependencies	2025-09-24T21:52:40.3793999Z + cross_file 0.3.4+2
build	Install dependencies	2025-09-24T21:52:40.3794269Z + crypto 3.0.6
build	Install dependencies	2025-09-24T21:52:40.3794523Z + cryptography 2.7.0
build	Install dependencies	2025-09-24T21:52:40.3794805Z + dart_style 3.1.2
build	Install dependencies	2025-09-24T21:52:40.3795073Z + dbus 0.7.11
build	Install dependencies	2025-09-24T21:52:40.3795320Z + fake_async 1.3.3
build	Install dependencies	2025-09-24T21:52:40.3795589Z + ffi 2.1.4
build	Install dependencies	2025-09-24T21:52:40.3795883Z + file 7.0.1
build	Install dependencies	2025-09-24T21:52:40.3796200Z + file_saver 0.2.9 (0.3.1 available)
build	Install dependencies	2025-09-24T21:52:40.3796611Z + file_selector 1.0.4
build	Install dependencies	2025-09-24T21:52:40.3796982Z + file_selector_android 0.5.1+16
build	Install dependencies	2025-09-24T21:52:40.3797385Z + file_selector_ios 0.5.3+2
build	Install dependencies	2025-09-24T21:52:40.3797741Z + file_selector_linux 0.9.3+2
build	Install dependencies	2025-09-24T21:52:40.3798105Z + file_selector_macos 0.9.4+4
build	Install dependencies	2025-09-24T21:52:40.3798677Z + file_selector_platform_interface 2.6.2
build	Install dependencies	2025-09-24T21:52:40.3799068Z + file_selector_web 0.9.4+2
build	Install dependencies	2025-09-24T21:52:40.3799395Z + file_selector_windows 0.9.3+4
build	Install dependencies	2025-09-24T21:52:40.3799746Z + fixnum 1.1.1
build	Install dependencies	2025-09-24T21:52:40.3800055Z + flutter 0.0.0 from sdk flutter
build	Install dependencies	2025-09-24T21:52:40.3800979Z + flutter_background_service 5.1.0
build	Install dependencies	2025-09-24T21:52:40.3801417Z + flutter_background_service_android 6.3.1
build	Install dependencies	2025-09-24T21:52:40.3801875Z + flutter_background_service_ios 5.0.3
build	Install dependencies	2025-09-24T21:52:40.3802358Z + flutter_background_service_platform_interface 5.1.2
build	Install dependencies	2025-09-24T21:52:40.3802850Z + flutter_dotenv 6.0.0
build	Install dependencies	2025-09-24T21:52:40.3803218Z + flutter_lints 4.0.0 (6.0.0 available)
build	Install dependencies	2025-09-24T21:52:40.3803659Z + flutter_riverpod 2.6.1 (3.0.0 available)
build	Install dependencies	2025-09-24T21:52:40.3804106Z + flutter_secure_storage 9.2.4
build	Install dependencies	2025-09-24T21:52:40.3804530Z + flutter_secure_storage_linux 1.2.3 (2.0.1 available)
build	Install dependencies	2025-09-24T21:52:40.3805169Z + flutter_secure_storage_macos 3.1.3 (4.0.0 available)
build	Install dependencies	2025-09-24T21:52:40.3805831Z + flutter_secure_storage_platform_interface 1.1.2 (2.0.1 available)
build	Install dependencies	2025-09-24T21:52:40.3806438Z + flutter_secure_storage_web 1.2.1 (2.0.0 available)
build	Install dependencies	2025-09-24T21:52:40.3807000Z + flutter_secure_storage_windows 3.1.2 (4.0.0 available)
build	Install dependencies	2025-09-24T21:52:40.3807495Z + flutter_test 0.0.0 from sdk flutter
build	Install dependencies	2025-09-24T21:52:40.3807993Z + flutter_web_plugins 0.0.0 from sdk flutter
build	Install dependencies	2025-09-24T21:52:40.3808634Z + frontend_server_client 4.0.0
build	Install dependencies	2025-09-24T21:52:40.3809059Z + functions_client 2.4.4
build	Install dependencies	2025-09-24T21:52:40.3809522Z + glob 2.1.3
build	Install dependencies	2025-09-24T21:52:40.3809818Z + go_router 15.1.2 (16.2.4 available)
build	Install dependencies	2025-09-24T21:52:40.3810596Z + gotrue 2.15.0
build	Install dependencies	2025-09-24T21:52:40.3810880Z + graphs 2.3.2
build	Install dependencies	2025-09-24T21:52:40.3811159Z + gtk 2.1.0
build	Install dependencies	2025-09-24T21:52:40.3811409Z + hex 0.2.0
build	Install dependencies	2025-09-24T21:52:40.3811664Z + hive 2.2.3
build	Install dependencies	2025-09-24T21:52:40.3811940Z + hive_flutter 1.1.0
build	Install dependencies	2025-09-24T21:52:40.3812240Z + http 1.5.0
build	Install dependencies	2025-09-24T21:52:40.3812524Z + http_multi_server 3.2.2
build	Install dependencies	2025-09-24T21:52:40.3812896Z + http_parser 4.1.2
build	Install dependencies	2025-09-24T21:52:40.3813201Z + intl 0.20.2
build	Install dependencies	2025-09-24T21:52:40.3813548Z + io 1.0.5
build	Install dependencies	2025-09-24T21:52:40.3813879Z + js 0.6.7 (0.7.2 available)
build	Install dependencies	2025-09-24T21:52:40.3814274Z + json_annotation 4.9.0
build	Install dependencies	2025-09-24T21:52:40.3814633Z + jwt_decode 0.3.1
build	Install dependencies	2025-09-24T21:52:40.3814949Z + leak_tracker 11.0.2
build	Install dependencies	2025-09-24T21:52:40.3815342Z + leak_tracker_flutter_testing 3.0.10
build	Install dependencies	2025-09-24T21:52:40.3815733Z + leak_tracker_testing 3.0.2
build	Install dependencies	2025-09-24T21:52:40.3816120Z + lints 4.0.0 (6.0.0 available)
build	Install dependencies	2025-09-24T21:52:40.3816490Z + logging 1.3.0
build	Install dependencies	2025-09-24T21:52:40.3816799Z + matcher 0.12.17
build	Install dependencies	2025-09-24T21:52:40.3817188Z + material_color_utilities 0.11.1 (0.13.0 available)
build	Install dependencies	2025-09-24T21:52:40.3817632Z + meta 1.16.0 (1.17.0 available)
build	Install dependencies	2025-09-24T21:52:40.3817966Z + mime 2.0.0
build	Install dependencies	2025-09-24T21:52:40.3818453Z + nm 0.5.0
build	Install dependencies	2025-09-24T21:52:40.3818731Z + open_filex 4.7.0
build	Install dependencies	2025-09-24T21:52:40.3819024Z + package_config 2.2.0
build	Install dependencies	2025-09-24T21:52:40.3819365Z + package_info_plus 9.0.0
build	Install dependencies	2025-09-24T21:52:40.3819749Z + package_info_plus_platform_interface 3.2.1
build	Install dependencies	2025-09-24T21:52:40.3820162Z + path 1.9.1
build	Install dependencies	2025-09-24T21:52:40.3820456Z + path_provider 2.1.5
build	Install dependencies	2025-09-24T21:52:40.3820812Z + path_provider_android 2.2.18
build	Install dependencies	2025-09-24T21:52:40.3821221Z + path_provider_foundation 2.4.2
build	Install dependencies	2025-09-24T21:52:40.3821646Z + path_provider_linux 2.2.1
build	Install dependencies	2025-09-24T21:52:40.3822080Z + path_provider_platform_interface 2.1.2
build	Install dependencies	2025-09-24T21:52:40.3822529Z + path_provider_windows 2.3.0
build	Install dependencies	2025-09-24T21:52:40.3822954Z + permission_handler 11.4.0 (12.0.1 available)
build	Install dependencies	2025-09-24T21:52:40.3823517Z + permission_handler_android 12.1.0 (13.0.1 available)
build	Install dependencies	2025-09-24T21:52:40.3824070Z + permission_handler_apple 9.4.7
build	Install dependencies	2025-09-24T21:52:40.3824503Z + permission_handler_html 0.1.3+5
build	Install dependencies	2025-09-24T21:52:40.3824954Z + permission_handler_platform_interface 4.3.0
build	Install dependencies	2025-09-24T21:52:40.3825445Z + permission_handler_windows 0.2.1
build	Install dependencies	2025-09-24T21:52:40.3825865Z + petitparser 7.0.1
build	Install dependencies	2025-09-24T21:52:40.3826192Z + platform 3.1.6
build	Install dependencies	2025-09-24T21:52:40.3826510Z + plugin_platform_interface 2.1.8
build	Install dependencies	2025-09-24T21:52:40.3826961Z + pointycastle 3.9.1 (4.0.0 available)
build	Install dependencies	2025-09-24T21:52:40.3827367Z + pool 1.5.2
build	Install dependencies	2025-09-24T21:52:40.3827665Z + posix 6.0.3
build	Install dependencies	2025-09-24T21:52:40.3827960Z + postgrest 2.4.2
build	Install dependencies	2025-09-24T21:52:40.3828476Z + pub_semver 2.2.0
build	Install dependencies	2025-09-24T21:52:40.3828795Z + pubspec_parse 1.5.0
build	Install dependencies	2025-09-24T21:52:40.3829134Z + realtime_client 2.5.2
build	Install dependencies	2025-09-24T21:52:40.3829766Z + record 6.1.1
build	Install dependencies	2025-09-24T21:52:40.3830058Z + record_android 1.4.2
build	Install dependencies	2025-09-24T21:52:40.3830357Z + record_ios 1.1.2
build	Install dependencies	2025-09-24T21:52:40.3830652Z + record_linux 1.2.1
build	Install dependencies	2025-09-24T21:52:40.3830946Z + record_macos 1.1.1
build	Install dependencies	2025-09-24T21:52:40.3831292Z + record_platform_interface 1.4.0
build	Install dependencies	2025-09-24T21:52:40.3831662Z + record_web 1.2.0
build	Install dependencies	2025-09-24T21:52:40.3831967Z + record_windows 1.0.7
build	Install dependencies	2025-09-24T21:52:40.3832293Z + retry 3.1.2
build	Install dependencies	2025-09-24T21:52:40.3832590Z + riverpod 2.6.1 (3.0.0 available)
build	Install dependencies	2025-09-24T21:52:40.3832976Z + rxdart 0.28.0
build	Install dependencies	2025-09-24T21:52:40.3833277Z + sentry 8.14.2 (9.6.0 available)
build	Install dependencies	2025-09-24T21:52:40.3833690Z + sentry_flutter 8.14.2 (9.6.0 available)
build	Install dependencies	2025-09-24T21:52:40.3834108Z + share_plus 11.1.0 (12.0.0 available)
build	Install dependencies	2025-09-24T21:52:40.3834543Z + share_plus_platform_interface 6.1.0
build	Install dependencies	2025-09-24T21:52:40.3834960Z + shared_preferences 2.5.3
build	Install dependencies	2025-09-24T21:52:40.3835351Z + shared_preferences_android 2.4.13
build	Install dependencies	2025-09-24T21:52:40.3835777Z + shared_preferences_foundation 2.5.4
build	Install dependencies	2025-09-24T21:52:40.3836217Z + shared_preferences_linux 2.4.1
build	Install dependencies	2025-09-24T21:52:40.3836656Z + shared_preferences_platform_interface 2.4.1
build	Install dependencies	2025-09-24T21:52:40.3837107Z + shared_preferences_web 2.4.3
build	Install dependencies	2025-09-24T21:52:40.3837499Z + shared_preferences_windows 2.4.1
build	Install dependencies	2025-09-24T21:52:40.3838146Z + shelf 1.4.2
build	Install dependencies	2025-09-24T21:52:40.3838653Z + shelf_web_socket 3.0.0
build	Install dependencies	2025-09-24T21:52:40.3839009Z + sky_engine 0.0.0 from sdk flutter
build	Install dependencies	2025-09-24T21:52:40.3839396Z + source_span 1.10.1
build	Install dependencies	2025-09-24T21:52:40.3839707Z + sprintf 7.0.0
build	Install dependencies	2025-09-24T21:52:40.3840011Z + stack_trace 1.12.1
build	Install dependencies	2025-09-24T21:52:40.3840322Z + state_notifier 1.0.0
build	Install dependencies	2025-09-24T21:52:40.3840651Z + storage_client 2.4.1
build	Install dependencies	2025-09-24T21:52:40.3840966Z + stream_channel 2.1.4
build	Install dependencies	2025-09-24T21:52:40.3841283Z + stream_transform 2.1.1
build	Install dependencies	2025-09-24T21:52:40.3841623Z + string_scanner 1.4.1
build	Install dependencies	2025-09-24T21:52:40.3841929Z + supabase 2.9.1
build	Install dependencies	2025-09-24T21:52:40.3842242Z + supabase_flutter 2.10.1
build	Install dependencies	2025-09-24T21:52:40.3842589Z + term_glyph 1.2.2
build	Install dependencies	2025-09-24T21:52:40.3842917Z + test_api 0.7.6 (0.7.7 available)
build	Install dependencies	2025-09-24T21:52:40.3843299Z + typed_data 1.4.0
build	Install dependencies	2025-09-24T21:52:40.3843597Z + url_launcher 6.3.2
build	Install dependencies	2025-09-24T21:52:40.3843915Z + url_launcher_android 6.3.22
build	Install dependencies	2025-09-24T21:52:40.3844288Z + url_launcher_ios 6.3.4
build	Install dependencies	2025-09-24T21:52:40.3844632Z + url_launcher_linux 3.2.1
build	Install dependencies	2025-09-24T21:52:40.3844997Z + url_launcher_macos 3.2.3
build	Install dependencies	2025-09-24T21:52:40.3845387Z + url_launcher_platform_interface 2.3.2
build	Install dependencies	2025-09-24T21:52:40.3845799Z + url_launcher_web 2.4.1
build	Install dependencies	2025-09-24T21:52:40.3846143Z + url_launcher_windows 3.1.4
build	Install dependencies	2025-09-24T21:52:40.3846485Z + uuid 4.5.1
build	Install dependencies	2025-09-24T21:52:40.3846768Z + vector_math 2.2.0
build	Install dependencies	2025-09-24T21:52:40.3847068Z + vm_service 15.0.2
build	Install dependencies	2025-09-24T21:52:40.3847366Z + watcher 1.1.3
build	Install dependencies	2025-09-24T21:52:40.3847646Z + web 1.1.1
build	Install dependencies	2025-09-24T21:52:40.3847922Z + web_socket 1.0.1
build	Install dependencies	2025-09-24T21:52:40.3848398Z + web_socket_channel 3.0.3
build	Install dependencies	2025-09-24T21:52:40.3848749Z + win32 5.14.0
build	Install dependencies	2025-09-24T21:52:40.3849063Z + xdg_directories 1.1.0
build	Install dependencies	2025-09-24T21:52:40.3849392Z + xml 6.6.1
build	Install dependencies	2025-09-24T21:52:40.3849673Z + yaml 3.1.3
build	Install dependencies	2025-09-24T21:52:40.3849979Z + yet_another_json_isolate 2.1.0
build	Install dependencies	2025-09-24T21:52:40.3850381Z Changed 172 dependencies!
build	Install dependencies	2025-09-24T21:52:40.3850893Z 23 packages have newer versions incompatible with dependency constraints.
build	Install dependencies	2025-09-24T21:52:40.3851563Z Try `flutter pub outdated` for more information.
build	Run unit tests	∩╗┐2025-09-24T21:52:41.0394602Z ##[group]Run flutter test
build	Run unit tests	2025-09-24T21:52:41.0395034Z [36;1mflutter test[0m
build	Run unit tests	2025-09-24T21:52:41.0442462Z shell: /usr/bin/bash -e {0}
build	Run unit tests	2025-09-24T21:52:41.0442857Z env:
build	Run unit tests	2025-09-24T21:52:41.0443283Z   FLUTTER_ROOT: /opt/hostedtoolcache/flutter/stable-3.35.4-x64
build	Run unit tests	2025-09-24T21:52:41.0443858Z   PUB_CACHE: /home/runner/.pub-cache
build	Run unit tests	2025-09-24T21:52:41.0444250Z ##[endgroup]
build	Run unit tests	2025-09-24T21:52:42.3685619Z 
build	Run unit tests	2025-09-24T21:52:51.2957883Z Γ£à /home/runner/work/hold_that_thought/hold_that_thought/test/thought_repository_test.dart: ThoughtRepository ensureSha256() computes and persists digest
build	Run unit tests	2025-09-24T21:52:51.2992637Z Γ£à /home/runner/work/hold_that_thought/hold_that_thought/test/thought_repository_test.dart: ThoughtRepository updateAfterSync() sets remoteId & uploadedAt and persists
build	Run unit tests	2025-09-24T21:52:52.0094099Z Γ£à /home/runner/work/hold_that_thought/hold_that_thought/test/fake_sync_provider_test.dart: FakeSyncProvider uploads with progress and upserts metadata
build	Run unit tests	2025-09-24T21:52:52.0183466Z Γ£à /home/runner/work/hold_that_thought/hold_that_thought/test/fake_sync_provider_test.dart: FakeSyncProvider can simulate failures
build	Run unit tests	2025-09-24T21:52:52.4169308Z Γ£à /home/runner/work/hold_that_thought/hold_that_thought/test/crypto_service_test.dart: CryptoService Basics isEncryptionSetUp returns false when not set up
build	Run unit tests	2025-09-24T21:52:52.4260764Z Γ£à /home/runner/work/hold_that_thought/hold_that_thought/test/crypto_service_test.dart: CryptoService Basics isE2eeEnabled returns feature flag value
build	Run unit tests	2025-09-24T21:52:53.2703291Z Γ£à /home/runner/work/hold_that_thought/hold_that_thought/test/widget_test.dart: App builds
build	Run unit tests	2025-09-24T21:52:53.4675839Z Γ£à /home/runner/work/hold_that_thought/hold_that_thought/test/crypto_service_test.dart: CryptoService Basics setupE2ee sets up encryption
build	Run unit tests	2025-09-24T21:52:53.8523816Z Γ£à /home/runner/work/hold_that_thought/hold_that_thought/test/log_redactor_test.dart: LogRedactor redacts email addresses
build	Run unit tests	2025-09-24T21:52:53.8564724Z Γ£à /home/runner/work/hold_that_thought/hold_that_thought/test/log_redactor_test.dart: LogRedactor redacts audio file paths
build	Run unit tests	2025-09-24T21:52:53.8610581Z Γ£à /home/runner/work/hold_that_thought/hold_that_thought/test/log_redactor_test.dart: LogRedactor redacts passphrases
build	Run unit tests	2025-09-24T21:52:53.8646112Z Γ£à /home/runner/work/hold_that_thought/hold_that_thought/test/log_redactor_test.dart: LogRedactor redacts transcripts
build	Run unit tests	2025-09-24T21:52:53.8668673Z Γ£à /home/runner/work/hold_that_thought/hold_that_thought/test/log_redactor_test.dart: LogRedactor redactPath handles audio files
build	Run unit tests	2025-09-24T21:52:53.8688968Z Γ£à /home/runner/work/hold_that_thought/hold_that_thought/test/log_redactor_test.dart: LogRedactor redactTranscript handles various transcript lengths
build	Run unit tests	2025-09-24T21:52:54.4585534Z Γ£à /home/runner/work/hold_that_thought/hold_that_thought/test/crypto_service_test.dart: CryptoService Basics isEncryptionSetUp returns true after setup
build	Run unit tests	2025-09-24T21:52:54.5390624Z Γ£à /home/runner/work/hold_that_thought/hold_that_thought/test/temp_file_manager_test.dart: TempFileManager cleanupTempFiles deletes all temporary files
build	Run unit tests	2025-09-24T21:52:54.5474406Z Γ£à /home/runner/work/hold_that_thought/hold_that_thought/test/temp_file_manager_test.dart: TempFileManager createTempFile creates a file with correct extension
build	Run unit tests	2025-09-24T21:52:54.5527877Z Γ£à /home/runner/work/hold_that_thought/hold_that_thought/test/temp_file_manager_test.dart: TempFileManager deleteTempFile removes the specified file
build	Run unit tests	2025-09-24T21:52:54.5656156Z Γ£à /home/runner/work/hold_that_thought/hold_that_thought/test/temp_file_manager_test.dart: TempFileManager getTempFileCount returns correct count
build	Run unit tests	2025-09-24T21:52:56.3316193Z Γ£à /home/runner/work/hold_that_thought/hold_that_thought/test/crypto_service_test.dart: CryptoService Basics unlock works with correct passphrase
build	Run unit tests	2025-09-24T21:52:57.6790991Z Γ£à /home/runner/work/hold_that_thought/hold_that_thought/test/crypto_service_test.dart: CryptoService Basics unlock fails with incorrect passphrase
build	Run unit tests	2025-09-24T21:52:57.7001654Z 
build	Run unit tests	2025-09-24T21:52:57.7008805Z ≡ƒÄë 21 tests passed.
build	Build Web	∩╗┐2025-09-24T21:52:57.7792349Z ##[group]Run flutter build web --release
build	Build Web	2025-09-24T21:52:57.7792704Z [36;1mflutter build web --release[0m
build	Build Web	2025-09-24T21:52:57.7824620Z shell: /usr/bin/bash -e {0}
build	Build Web	2025-09-24T21:52:57.7824854Z env:
build	Build Web	2025-09-24T21:52:57.7825110Z   FLUTTER_ROOT: /opt/hostedtoolcache/flutter/stable-3.35.4-x64
build	Build Web	2025-09-24T21:52:57.7825453Z   PUB_CACHE: /home/runner/.pub-cache
build	Build Web	2025-09-24T21:52:57.7825683Z ##[endgroup]
build	Build Web	2025-09-24T21:53:08.9314314Z Compiling lib/main.dart for the Web...                          
build	Build Web	2025-09-24T21:53:08.9323264Z Wasm dry run findings:
build	Build Web	2025-09-24T21:53:08.9324571Z Found incompatibilities with WebAssembly.
build	Build Web	2025-09-24T21:53:08.9324924Z 
build	Build Web	2025-09-24T21:53:08.9325247Z package:file_saver/file_saver_web.dart 7:1 - dart:html unsupported (0)
build	Build Web	2025-09-24T21:53:08.9326603Z package:flutter_secure_storage_web/flutter_secure_storage_web.dart 5:1 - dart:html unsupported (0)
build	Build Web	2025-09-24T21:53:08.9327652Z package:flutter_secure_storage_web/src/subtle.dart 21:1 - dart:html unsupported (0)
build	Build Web	2025-09-24T21:53:08.9328616Z package:js/js.dart 10:1 - dart:js unsupported (1)
build	Build Web	2025-09-24T21:53:08.9329758Z package:flutter_secure_storage_web/flutter_secure_storage_web.dart 6:1 - JS interop library 'dart:js_util' can't be imported when compiling to Wasm. (2)
build	Build Web	2025-09-24T21:53:08.9331245Z package:flutter_secure_storage_web/src/subtle.dart 22:1 - JS interop library 'dart:js_util' can't be imported when compiling to Wasm. (2)
build	Build Web	2025-09-24T21:53:08.9332723Z package:flutter_secure_storage_web/src/subtle.dart 26:1 - JS interop library 'package:js/js.dart' can't be imported when compiling to Wasm. (2)
build	Build Web	2025-09-24T21:53:08.9333575Z 
build	Build Web	2025-09-24T21:53:08.9334277Z Consider addressing these issues to enable wasm builds. See docs for more info: https://docs.flutter.dev/platform-integration/web/wasm
build	Build Web	2025-09-24T21:53:08.9335097Z 
build	Build Web	2025-09-24T21:53:08.9335282Z Use --no-wasm-dry-run to disable these warnings.
build	Build Web	2025-09-24T21:53:34.7241467Z Expected to find fonts for (MaterialIcons, packages/cupertino_icons/CupertinoIcons), but found (MaterialIcons). This usually means you are referring to font families in an IconData class but not including them in the assets section of your pubspec.yaml, are missing the package that would include them, or are missing "uses-material-design: true".
build	Build Web	2025-09-24T21:53:34.7326340Z Font asset "MaterialIcons-Regular.otf" was tree-shaken, reducing it from 1645184 to 9196 bytes (99.4% reduction). Tree-shaking can be disabled by providing the --no-tree-shake-icons flag when building your app.
build	Build Web	2025-09-24T21:53:35.2772045Z Compiling lib/main.dart for the Web...                             36.8s
build	Build Web	2025-09-24T21:53:35.2779832Z Γ£ô Built build/web
build	Build Android APK (NDK-free)	∩╗┐2025-09-24T21:53:35.2950141Z ##[group]Run flutter build apk --release
build	Build Android APK (NDK-free)	2025-09-24T21:53:35.2950484Z [36;1mflutter build apk --release[0m
build	Build Android APK (NDK-free)	2025-09-24T21:53:35.2982917Z shell: /usr/bin/bash -e {0}
build	Build Android APK (NDK-free)	2025-09-24T21:53:35.2983148Z env:
build	Build Android APK (NDK-free)	2025-09-24T21:53:35.2983393Z   FLUTTER_ROOT: /opt/hostedtoolcache/flutter/stable-3.35.4-x64
build	Build Android APK (NDK-free)	2025-09-24T21:53:35.2983721Z   PUB_CACHE: /home/runner/.pub-cache
build	Build Android APK (NDK-free)	2025-09-24T21:53:35.2983958Z ##[endgroup]
build	Build Android APK (NDK-free)	2025-09-24T21:55:35.5430758Z Running Gradle task 'assembleRelease'...                        
build	Build Android APK (NDK-free)	2025-09-24T21:55:35.5435099Z Checking the license for package NDK (Side by side) 27.0.12077973 in /usr/local/lib/android/sdk/licenses
build	Build Android APK (NDK-free)	2025-09-24T21:55:35.5439515Z License for package NDK (Side by side) 27.0.12077973 accepted.
build	Build Android APK (NDK-free)	2025-09-24T21:55:35.5442818Z Preparing "Install NDK (Side by side) 27.0.12077973 v.27.0.12077973".
build	Build Android APK (NDK-free)	2025-09-24T21:55:48.2198763Z "Install NDK (Side by side) 27.0.12077973 v.27.0.12077973" ready.
build	Build Android APK (NDK-free)	2025-09-24T21:55:48.2202483Z Installing NDK (Side by side) 27.0.12077973 in /usr/local/lib/android/sdk/ndk/27.0.12077973
build	Build Android APK (NDK-free)	2025-09-24T21:55:48.2203815Z "Install NDK (Side by side) 27.0.12077973 v.27.0.12077973" complete.
build	Build Android APK (NDK-free)	2025-09-24T21:55:49.5219884Z "Install NDK (Side by side) 27.0.12077973 v.27.0.12077973" finished.
build	Build Android APK (NDK-free)	2025-09-24T21:57:27.8229731Z Expected to find fonts for (packages/cupertino_icons/CupertinoIcons, MaterialIcons), but found (MaterialIcons). This usually means you are referring to font families in an IconData class but not including them in the assets section of your pubspec.yaml, are missing the package that would include them, or are missing "uses-material-design: true".
build	Build Android APK (NDK-free)	2025-09-24T21:57:27.8254443Z Font asset "MaterialIcons-Regular.otf" was tree-shaken, reducing it from 1645184 to 3188 bytes (99.8% reduction). Tree-shaking can be disabled by providing the --no-tree-shake-icons flag when building your app.
build	Build Android APK (NDK-free)	2025-09-24T21:58:22.7219803Z Note: Some input files use or override a deprecated API.
build	Build Android APK (NDK-free)	2025-09-24T21:58:22.7226145Z Note: Recompile with -Xlint:deprecation for details.
build	Build Android APK (NDK-free)	2025-09-24T21:58:48.3203981Z /home/runner/work/hold_that_thought/hold_that_thought/android/app/src/main/java/com/example/hold_that_thought/RecordingService.java:16: error: cannot find symbol
build	Build Android APK (NDK-free)	2025-09-24T21:58:48.3211585Z import com.example.hold_that_thought.R;
build	Build Android APK (NDK-free)	2025-09-24T21:58:48.3219198Z                                     ^
build	Build Android APK (NDK-free)	2025-09-24T21:58:48.3223753Z   symbol:   class R
build	Build Android APK (NDK-free)	2025-09-24T21:58:48.3234415Z   location: package com.example.hold_that_thought
build	Build Android APK (NDK-free)	2025-09-24T21:58:48.4226070Z /home/runner/work/hold_that_thought/hold_that_thought/android/app/src/main/java/com/example/hold_that_thought/RecordingService.java:129: error: package R does not exist
build	Build Android APK (NDK-free)	2025-09-24T21:58:48.4248102Z                 .addAction(R.drawable.ic_stop, "Stop", stopPendingIntent)
build	Build Android APK (NDK-free)	2025-09-24T21:58:48.4249085Z                             ^
build	Build Android APK (NDK-free)	2025-09-24T21:58:48.4250377Z /home/runner/work/hold_that_thought/hold_that_thought/android/app/src/main/java/com/example/hold_that_thought/RecordingService.java:127: error: package R does not exist
build	Build Android APK (NDK-free)	2025-09-24T21:58:48.4259962Z                 .setSmallIcon(R.drawable.ic_recording)
build	Build Android APK (NDK-free)	2025-09-24T21:58:48.4269931Z                                ^
build	Build Android APK (NDK-free)	2025-09-24T21:58:48.4275687Z Note: /home/runner/work/hold_that_thought/hold_that_thought/android/app/src/main/java/com/example/hold_that_thought/RecordingService.java uses or overrides a deprecated API.
build	Build Android APK (NDK-free)	2025-09-24T21:58:48.4279345Z Note: Recompile with -Xlint:deprecation for details.
build	Build Android APK (NDK-free)	2025-09-24T21:58:48.4282832Z 3 errors
build	Build Android APK (NDK-free)	2025-09-24T21:58:48.5194616Z 
build	Build Android APK (NDK-free)	2025-09-24T21:58:48.5222564Z FAILURE: Build failed with an exception.
build	Build Android APK (NDK-free)	2025-09-24T21:58:48.5223367Z 
build	Build Android APK (NDK-free)	2025-09-24T21:58:48.5223586Z * What went wrong:
build	Build Android APK (NDK-free)	2025-09-24T21:58:48.5224237Z Execution failed for task ':app:compileReleaseJavaWithJavac'.
build	Build Android APK (NDK-free)	2025-09-24T21:58:48.5230261Z > Compilation failed; see the compiler output below.
build	Build Android APK (NDK-free)	2025-09-24T21:58:48.5236806Z   Note: Recompile with -Xlint:deprecation for details./home/runner/work/hold_that_thought/hold_that_thought/android/app/src/main/java/com/example/hold_that_thought/RecordingService.java:129: error: package R does not exist
build	Build Android APK (NDK-free)	2025-09-24T21:58:48.5241666Z                   .addAction(R.drawable.ic_stop, "Stop", stopPendingIntent)
build	Build Android APK (NDK-free)	2025-09-24T21:58:48.5247558Z                               ^
build	Build Android APK (NDK-free)	2025-09-24T21:58:48.5263889Z   /home/runner/work/hold_that_thought/hold_that_thought/android/app/src/main/java/com/example/hold_that_thought/RecordingService.java:127: error: package R does not exist
build	Build Android APK (NDK-free)	2025-09-24T21:58:48.5265218Z                   .setSmallIcon(R.drawable.ic_recording)
build	Build Android APK (NDK-free)	2025-09-24T21:58:48.5266447Z                                  ^/home/runner/work/hold_that_thought/hold_that_thought/android/app/src/main/java/com/example/hold_that_thought/RecordingService.java:16: error: cannot find symbol
build	Build Android APK (NDK-free)	2025-09-24T21:58:48.5267682Z   import com.example.hold_that_thought.R;
build	Build Android APK (NDK-free)	2025-09-24T21:58:48.5268104Z                                       ^
build	Build Android APK (NDK-free)	2025-09-24T21:58:48.5268635Z     symbol:   class R
build	Build Android APK (NDK-free)	2025-09-24T21:58:48.5270093Z     location: package com.example.hold_that_thoughtNote: /home/runner/work/hold_that_thought/hold_that_thought/android/app/src/main/java/com/example/hold_that_thought/RecordingService.java uses or overrides a deprecated API.
build	Build Android APK (NDK-free)	2025-09-24T21:58:48.5271662Z   3 errors
build	Build Android APK (NDK-free)	2025-09-24T21:58:48.5271819Z 
build	Build Android APK (NDK-free)	2025-09-24T21:58:48.5271918Z * Try:
build	Build Android APK (NDK-free)	2025-09-24T21:58:48.5272334Z > Check your code and dependencies to fix the compilation error(s)
build	Build Android APK (NDK-free)	2025-09-24T21:58:48.5272886Z > Run with --scan to get full insights.
build	Build Android APK (NDK-free)	2025-09-24T21:58:48.5273175Z 
build	Build Android APK (NDK-free)	2025-09-24T21:58:48.5273292Z BUILD FAILED in 5m 5s
build	Build Android APK (NDK-free)	2025-09-24T21:58:49.0432280Z Running Gradle task 'assembleRelease'...                          313.0s
build	Build Android APK (NDK-free)	2025-09-24T21:58:49.0582835Z Gradle task assembleRelease failed with exit code 1
build	Build Android APK (NDK-free)	2025-09-24T21:58:49.0673578Z ##[error]Process completed with exit code 1.
build	Post Setup Flutter	∩╗┐2025-09-24T21:58:49.0798031Z Post job cleanup.
build	Post Checkout	∩╗┐2025-09-24T21:58:49.0861970Z Post job cleanup.
build	Post Checkout	2025-09-24T21:58:49.1615615Z [command]/usr/bin/git version
build	Post Checkout	2025-09-24T21:58:49.1651080Z git version 2.51.0
build	Post Checkout	2025-09-24T21:58:49.1695832Z Temporarily overriding HOME='/home/runner/work/_temp/9cf91715-5295-49c3-9ed7-061ee6d8b13f' before making global git config changes
build	Post Checkout	2025-09-24T21:58:49.1697054Z Adding repository directory to the temporary git global config as a safe directory
build	Post Checkout	2025-09-24T21:58:49.1700622Z [command]/usr/bin/git config --global --add safe.directory /home/runner/work/hold_that_thought/hold_that_thought
build	Post Checkout	2025-09-24T21:58:49.1734502Z [command]/usr/bin/git config --local --name-only --get-regexp core\.sshCommand
build	Post Checkout	2025-09-24T21:58:49.1764366Z [command]/usr/bin/git submodule foreach --recursive sh -c "git config --local --name-only --get-regexp 'core\.sshCommand' && git config --local --unset-all 'core.sshCommand' || :"
build	Post Checkout	2025-09-24T21:58:49.2015498Z [command]/usr/bin/git config --local --name-only --get-regexp http\.https\:\/\/github\.com\/\.extraheader
build	Post Checkout	2025-09-24T21:58:49.2036859Z http.https://github.com/.extraheader
build	Post Checkout	2025-09-24T21:58:49.2048732Z [command]/usr/bin/git config --local --unset-all http.https://github.com/.extraheader
build	Post Checkout	2025-09-24T21:58:49.2079520Z [command]/usr/bin/git submodule foreach --recursive sh -c "git config --local --name-only --get-regexp 'http\.https\:\/\/github\.com\/\.extraheader' && git config --local --unset-all 'http.https://github.com/.extraheader' || :"
build	Complete job	∩╗┐2025-09-24T21:58:49.2413591Z Cleaning up orphan processes
build	Complete job	2025-09-24T21:58:49.2753246Z Terminate orphan process: pid (2755) (java)
build	Complete job	2025-09-24T21:58:49.2774603Z Terminate orphan process: pid (2887) (java)
build	Complete job	2025-09-24T21:58:49.2800513Z Terminate orphan process: pid (3146) (java)
